This is pdfTeX, Version 3.141592653-2.6-1.40.28 (MiKTeX 25.12) (preloaded format=pdflatex 2026.8.18)  15 SEP 2026 12:47
entering extended mode
 restricted \write18 enabled.
 %&-line parsing enabled.
**./artigo3-elsevier_V1.tex
(artigo3-elsevier_V1.tex
LaTeX2e <2025-11-01>
L3 programming layer <2025-12-29>
(elsarticle.cls
Document Class: elsarticle 2010/06/11, 1.21: Elsevier Ltd
\@bls=\dimen148
(C:\Users\vidal\AppData\Local\Programs\MiKTeX\tex/latex/base\article.cls
Document Class: article 2025/01/22 v1.4n Standard LaTeX document class
(C:\Users\vidal\AppData\Local\Programs\MiKTeX\tex/latex/base\size12.clo
File: size12.clo 2025/01/22 v1.4n Standard LaTeX file (size option)
)
\c@part=\count275
\c@section=\count276
\c@subsection=\count277
\c@subsubsection=\count278
\c@paragraph=\count279
\c@subparagraph=\count280
\c@figure=\count281
\c@table=\count282
\abovecaptionskip=\skip49
\belowcaptionskip=\skip50
\bibindent=\dimen149
)
(C:\Users\vidal\AppData\Local\Programs\MiKTeX\tex/latex/graphics\graphicx.sty
Package: graphicx 2024/12/31 v1.2e Enhanced LaTeX Graphics (DPC,SPQR)

(C:\Users\vidal\AppData\Local\Programs\MiKTeX\tex/latex/graphics\keyval.sty
Package: keyval 2022/05/29 v1.15 key=value parser (DPC)
\KV@toks@=\toks17
)
(C:\Users\vidal\AppData\Local\Programs\MiKTeX\tex/latex/graphics\graphics.sty
Package: graphics 2024/08/06 v1.4g Standard LaTeX Graphics (DPC,SPQR)

(C:\Users\vidal\AppData\Local\Programs\MiKTeX\tex/latex/graphics\trig.sty
Package: trig 2023/12/02 v1.11 sin cos tan (DPC)
)
(C:\Users\vidal\AppData\Local\Programs\MiKTeX\tex/latex/graphics-cfg\graphics.c
fg
File: graphics.cfg 2016/06/04 v1.11 sample graphics configuration
)
Package graphics Info: Driver file: pdftex.def on input line 106.

(C:\Users\vidal\AppData\Local\Programs\MiKTeX\tex/latex/graphics-def\pdftex.def
File: pdftex.def 2025/09/29 v1.2d Graphics/color driver for pdftex
))
\Gin@req@height=\dimen150
\Gin@req@width=\dimen151
) (C:\Users\vidal\AppData\Local\Programs\MiKTeX\tex/latex/psnfss\pifont.sty
Package: pifont 2020/03/25 PSNFSS-v9.3 Pi font support (SPQR) 
LaTeX Font Info:    Trying to load font information for U+pzd on input line 63.


(C:\Users\vidal\AppData\Local\Programs\MiKTeX\tex/latex/psnfss\upzd.fd
File: upzd.fd 2001/06/04 font definitions for U/pzd.
)
LaTeX Font Info:    Trying to load font information for U+psy on input line 64.


(C:\Users\vidal\AppData\Local\Programs\MiKTeX\tex/latex/psnfss\upsy.fd
File: upsy.fd 2001/06/04 font definitions for U/psy.
))
\c@tnote=\count283
\c@fnote=\count284
\c@cnote=\count285
\c@ead=\count286
\c@author=\count287
\@eadauthor=\toks18
\c@affn=\count288
\absbox=\box53
\keybox=\box54
\Columnwidth=\dimen152
\space@left=\dimen153
\els@boxa=\box55
\els@boxb=\box56
\leftMargin=\dimen154
\@enLab=\toks19
\@sep=\skip51
\@@sep=\skip52

(artigo3-elsevier_V1.spl)
(C:\Users\vidal\AppData\Local\Programs\MiKTeX\tex/latex/natbib\natbib.sty
Package: natbib 2010/09/13 8.31b (PWD, AO)
\bibhang=\skip53
\bibsep=\skip54
LaTeX Info: Redefining \cite on input line 694.
\c@NAT@ctr=\count289
)
\splwrite=\write3
\openout3 = `artigo3-elsevier_V1.spl'.

\appnamewidth=\dimen155
)
(C:\Users\vidal\AppData\Local\Programs\MiKTeX\tex/latex/base\inputenc.sty
Package: inputenc 2024/02/08 v1.3d Input encoding file
\inpenc@prehook=\toks20
\inpenc@posthook=\toks21
)
(C:\Users\vidal\AppData\Local\Programs\MiKTeX\tex/latex/base\fontenc.sty
Package: fontenc 2025/07/18 v2.1d Standard LaTeX package
)
(C:\Users\vidal\AppData\Local\Programs\MiKTeX\tex/generic/babel\babel.sty
Package: babel 2025/12/30 v25.18 The multilingual framework for LuaLaTeX, pdfLa
TeX and XeLaTeX
\babel@savecnt=\count290
LaTeX Encoding Info:    Redeclaring text command \ij (encoding OT1) on input li
ne 2068.
LaTeX Encoding Info:    Redeclaring text command \IJ (encoding OT1) on input li
ne 2070.
LaTeX Encoding Info:    Redeclaring text command \ij (encoding T1) on input lin
e 2072.
LaTeX Encoding Info:    Redeclaring text command \IJ (encoding T1) on input lin
e 2073.
LaTeX Encoding Info:    Ignoring declaration for text command \ij (encoding ?) 
on input line 2074.
LaTeX Encoding Info:    Ignoring declaration for text command \IJ (encoding ?) 
on input line 2076.
LaTeX Encoding Info:    Ignoring declaration for text command \SS (encoding ?) 
on input line 2101.
\U@D=\dimen156
\l@unhyphenated=\language79

(C:\Users\vidal\AppData\Local\Programs\MiKTeX\tex/generic/babel\txtbabel.def)
\bbl@readstream=\read2
\bbl@dirlevel=\count291
Package babel Info: Configuration files are deprecated, as
(babel)             they can break document portability.
(babel)             Reported on input line 4197.

*************************************
* Local config file bblopts.cfg used
*
(C:\Users\vidal\AppData\Local\Programs\MiKTeX\tex/latex/arabi\bblopts.cfg
File: bblopts.cfg 2005/09/08 v0.1 add Arabic and Farsi to "declared" options of
 babel
)
(C:\Users\vidal\AppData\Local\Programs\MiKTeX\tex/generic/babel/locale/invalid\
babel-brazil.tex)

Package babel Warning: Name 'brazil' is deprecated.
(babel)                Use 'brazilian' instead.
(babel)                Reported on input line 4321.

Package babel Info: Importing font and identification data for brazil
(babel)             from babel-pt-BR.ini. Reported on input line 4321.

(C:\Users\vidal\AppData\Local\Programs\MiKTeX\tex/latex/babel-portuges\brazilia
n.ldf
Language: portuges 2021/07/09 v1.2t Portuguese support from the babel system
Package babel Info: Hyphen rules for 'brazil' set to \l@portuguese
(babel)             (\language56). Reported on input line 111.
Package babel Info: Making " an active character on input line 143.
))
(C:\Users\vidal\AppData\Local\Programs\MiKTeX\tex/latex/amsmath\amsmath.sty
Package: amsmath 2025/07/09 v2.17z AMS math features
\@mathmargin=\skip55

For additional information on amsmath, use the `?' option.
(C:\Users\vidal\AppData\Local\Programs\MiKTeX\tex/latex/amsmath\amstext.sty
Package: amstext 2024/11/17 v2.01 AMS text

(C:\Users\vidal\AppData\Local\Programs\MiKTeX\tex/latex/amsmath\amsgen.sty
File: amsgen.sty 1999/11/30 v2.0 generic functions
\@emptytoks=\toks22
\ex@=\dimen157
))
(C:\Users\vidal\AppData\Local\Programs\MiKTeX\tex/latex/amsmath\amsbsy.sty
Package: amsbsy 1999/11/29 v1.2d Bold Symbols
\pmbraise@=\dimen158
)
(C:\Users\vidal\AppData\Local\Programs\MiKTeX\tex/latex/amsmath\amsopn.sty
Package: amsopn 2022/04/08 v2.04 operator names
)
\inf@bad=\count292
LaTeX Info: Redefining \frac on input line 233.
\uproot@=\count293
\leftroot@=\count294
LaTeX Info: Redefining \overline on input line 398.
LaTeX Info: Redefining \colon on input line 409.
\classnum@=\count295
\DOTSCASE@=\count296
LaTeX Info: Redefining \ldots on input line 495.
LaTeX Info: Redefining \dots on input line 498.
LaTeX Info: Redefining \cdots on input line 619.
\Mathstrutbox@=\box57
\strutbox@=\box58
LaTeX Info: Redefining \big on input line 721.
LaTeX Info: Redefining \Big on input line 722.
LaTeX Info: Redefining \bigg on input line 723.
LaTeX Info: Redefining \Bigg on input line 724.
\big@size=\dimen159
LaTeX Font Info:    Redeclaring font encoding OML on input line 742.
LaTeX Font Info:    Redeclaring font encoding OMS on input line 743.
\macc@depth=\count297
LaTeX Info: Redefining \bmod on input line 904.
LaTeX Info: Redefining \pmod on input line 909.
LaTeX Info: Redefining \smash on input line 939.
LaTeX Info: Redefining \relbar on input line 969.
LaTeX Info: Redefining \Relbar on input line 970.
\c@MaxMatrixCols=\count298
\dotsspace@=\muskip17
\c@parentequation=\count299
\dspbrk@lvl=\count300
\tag@help=\toks23
\row@=\count301
\column@=\count302
\maxfields@=\count303
\andhelp@=\toks24
\eqnshift@=\dimen160
\alignsep@=\dimen161
\tagshift@=\dimen162
\tagwidth@=\dimen163
\totwidth@=\dimen164
\lineht@=\dimen165
\@envbody=\toks25
\multlinegap=\skip56
\multlinetaggap=\skip57
\mathdisplay@stack=\toks26
LaTeX Info: Redefining \[ on input line 2950.
LaTeX Info: Redefining \] on input line 2951.
)
(C:\Users\vidal\AppData\Local\Programs\MiKTeX\tex/latex/booktabs\booktabs.sty
Package: booktabs 2020/01/12 v1.61803398 Publication quality tables
\heavyrulewidth=\dimen166
\lightrulewidth=\dimen167
\cmidrulewidth=\dimen168
\belowrulesep=\dimen169
\belowbottomsep=\dimen170
\aboverulesep=\dimen171
\abovetopsep=\dimen172
\cmidrulesep=\dimen173
\cmidrulekern=\dimen174
\defaultaddspace=\dimen175
\@cmidla=\count304
\@cmidlb=\count305
\@aboverulesep=\dimen176
\@belowrulesep=\dimen177
\@thisruleclass=\count306
\@lastruleclass=\count307
\@thisrulewidth=\dimen178
)
(C:\Users\vidal\AppData\Local\Programs\MiKTeX\tex/latex/multirow\multirow.sty
Package: multirow 2024/11/12 v2.9 Span multiple rows of a table
\multirow@colwidth=\skip58
\multirow@cntb=\count308
\multirow@dima=\skip59
\bigstrutjot=\dimen179
)
(C:\Users\vidal\AppData\Local\Programs\MiKTeX\tex/latex/hyperref\hyperref.sty
Package: hyperref 2025-07-12 v7.01o Hypertext links for LaTeX

(C:\Users\vidal\AppData\Local\Programs\MiKTeX\tex/generic/iftex\iftex.sty
Package: iftex 2024/12/12 v1.0g TeX engine tests
)
(C:\Users\vidal\AppData\Local\Programs\MiKTeX\tex/latex/kvsetkeys\kvsetkeys.sty
Package: kvsetkeys 2022-10-05 v1.19 Key value parser (HO)
)
(C:\Users\vidal\AppData\Local\Programs\MiKTeX\tex/generic/kvdefinekeys\kvdefine
keys.sty
Package: kvdefinekeys 2019-12-19 v1.6 Define keys (HO)
)
(C:\Users\vidal\AppData\Local\Programs\MiKTeX\tex/generic/pdfescape\pdfescape.s
ty
Package: pdfescape 2019/12/09 v1.15 Implements pdfTeX's escape features (HO)

(C:\Users\vidal\AppData\Local\Programs\MiKTeX\tex/generic/ltxcmds\ltxcmds.sty
Package: ltxcmds 2023-12-04 v1.26 LaTeX kernel commands for general use (HO)
)
(C:\Users\vidal\AppData\Local\Programs\MiKTeX\tex/generic/pdftexcmds\pdftexcmds
.sty
Package: pdftexcmds 2020-06-27 v0.33 Utility functions of pdfTeX for LuaTeX (HO
)

(C:\Users\vidal\AppData\Local\Programs\MiKTeX\tex/generic/infwarerr\infwarerr.s
ty
Package: infwarerr 2019/12/03 v1.5 Providing info/warning/error messages (HO)
)
Package pdftexcmds Info: \pdf@primitive is available.
Package pdftexcmds Info: \pdf@ifprimitive is available.
Package pdftexcmds Info: \pdfdraftmode found.
))
(C:\Users\vidal\AppData\Local\Programs\MiKTeX\tex/latex/hycolor\hycolor.sty
Package: hycolor 2020-01-27 v1.10 Color options for hyperref/bookmark (HO)
)
(C:\Users\vidal\AppData\Local\Programs\MiKTeX\tex/latex/hyperref\nameref.sty
Package: nameref 2025-06-21 v2.57 Cross-referencing by name of section

(C:\Users\vidal\AppData\Local\Programs\MiKTeX\tex/latex/refcount\refcount.sty
Package: refcount 2019/12/15 v3.6 Data extraction from label references (HO)
)
(C:\Users\vidal\AppData\Local\Programs\MiKTeX\tex/generic/gettitlestring\gettit
lestring.sty
Package: gettitlestring 2019/12/15 v1.6 Cleanup title references (HO)

(C:\Users\vidal\AppData\Local\Programs\MiKTeX\tex/latex/kvoptions\kvoptions.sty
Package: kvoptions 2022-06-15 v3.15 Key value format for package options (HO)
))
\c@section@level=\count309
)
(C:\Users\vidal\AppData\Local\Programs\MiKTeX\tex/latex/etoolbox\etoolbox.sty
Package: etoolbox 2025/10/02 v2.5m e-TeX tools for LaTeX (JAW)
\etb@tempcnta=\count310
)
(C:\Users\vidal\AppData\Local\Programs\MiKTeX\tex/generic/stringenc\stringenc.s
ty
Package: stringenc 2019/11/29 v1.12 Convert strings between diff. encodings (HO
)
)
\@linkdim=\dimen180
\Hy@linkcounter=\count311
\Hy@pagecounter=\count312
 (C:\Users\vidal\AppData\Local\Programs\MiKTeX\tex/latex/hyperref\pd1enc.def
File: pd1enc.def 2025-07-12 v7.01o Hyperref: PDFDocEncoding definition (HO)
Now handling font encoding PD1 ...
... no UTF-8 mapping file for font encoding PD1
) (C:\Users\vidal\AppData\Local\Programs\MiKTeX\tex/generic/intcalc\intcalc.sty
Package: intcalc 2019/12/15 v1.3 Expandable calculations with integers (HO)
)
\Hy@SavedSpaceFactor=\count313
 (C:\Users\vidal\AppData\Local\Programs\MiKTeX\tex/latex/hyperref\puenc.def
File: puenc.def 2025-07-12 v7.01o Hyperref: PDF Unicode definition (HO)
Now handling font encoding PU ...
... no UTF-8 mapping file for font encoding PU
)
Package hyperref Info: Option `breaklinks' set `true' on input line 4066.
Package hyperref Info: Hyper figures OFF on input line 4195.
Package hyperref Info: Link nesting OFF on input line 4200.
Package hyperref Info: Hyper index ON on input line 4203.
Package hyperref Info: Plain pages OFF on input line 4210.
Package hyperref Info: Backreferencing OFF on input line 4215.
Package hyperref Info: Implicit mode ON; LaTeX internals redefined.
Package hyperref Info: Bookmarks ON on input line 4462.
\c@Hy@tempcnt=\count314

(C:\Users\vidal\AppData\Local\Programs\MiKTeX\tex/latex/url\url.sty
\Urlmuskip=\muskip18
Package: url 2013/09/16  ver 3.4  Verb mode for urls, etc.
)
LaTeX Info: Redefining \url on input line 4801.
\XeTeXLinkMargin=\dimen181

(C:\Users\vidal\AppData\Local\Programs\MiKTeX\tex/generic/bitset\bitset.sty
Package: bitset 2019/12/09 v1.3 Handle bit-vector datatype (HO)

(C:\Users\vidal\AppData\Local\Programs\MiKTeX\tex/generic/bigintcalc\bigintcalc
.sty
Package: bigintcalc 2019/12/15 v1.5 Expandable calculations on big integers (HO
)
))
\Fld@menulength=\count315
\Field@Width=\dimen182
\Fld@charsize=\dimen183
Package hyperref Info: Hyper figures OFF on input line 6078.
Package hyperref Info: Link nesting OFF on input line 6083.
Package hyperref Info: Hyper index ON on input line 6086.
Package hyperref Info: backreferencing OFF on input line 6093.
Package hyperref Info: Link coloring OFF on input line 6098.
Package hyperref Info: Link coloring with OCG OFF on input line 6103.
Package hyperref Info: PDF/A mode OFF on input line 6108.
\Hy@abspage=\count316
\c@Item=\count317
\c@Hfootnote=\count318
)
Package hyperref Info: Driver (autodetected): hpdftex.

(C:\Users\vidal\AppData\Local\Programs\MiKTeX\tex/latex/hyperref\hpdftex.def
File: hpdftex.def 2025-07-12 v7.01o Hyperref driver for pdfTeX
\Fld@listcount=\count319
\c@bookmark@seq@number=\count320

(C:\Users\vidal\AppData\Local\Programs\MiKTeX\tex/latex/rerunfilecheck\rerunfil
echeck.sty
Package: rerunfilecheck 2025-06-21 v1.11 Rerun checks for auxiliary files (HO)

(C:\Users\vidal\AppData\Local\Programs\MiKTeX\tex/generic/uniquecounter\uniquec
ounter.sty
Package: uniquecounter 2019/12/15 v1.4 Provide unlimited unique counter (HO)
)
Package uniquecounter Info: New unique counter `rerunfilecheck' on input line 2
84.
)
\Hy@SectionHShift=\skip60
)
(C:\Users\vidal\AppData\Local\Programs\MiKTeX\tex/latex/enumitem\enumitem.sty
Package: enumitem 2025/02/06 v3.11 Customized lists
\labelindent=\skip61
\enit@outerparindent=\dimen184
\enit@toks=\toks27
\enit@inbox=\box59
\enit@count@id=\count321
\enitdp@description=\count322
)
(C:\Users\vidal\AppData\Local\Programs\MiKTeX\tex/latex/xcolor\xcolor.sty
Package: xcolor 2024/09/29 v3.02 LaTeX color extensions (UK)

(C:\Users\vidal\AppData\Local\Programs\MiKTeX\tex/latex/graphics-cfg\color.cfg
File: color.cfg 2016/01/02 v1.6 sample color configuration
)
Package xcolor Info: Driver file: pdftex.def on input line 274.
(C:\Users\vidal\AppData\Local\Programs\MiKTeX\tex/latex/graphics\mathcolor.ltx)
Package xcolor Info: Model `cmy' substituted by `cmy0' on input line 1349.
Package xcolor Info: Model `hsb' substituted by `rgb' on input line 1353.
Package xcolor Info: Model `RGB' extended on input line 1365.
Package xcolor Info: Model `HTML' substituted by `rgb' on input line 1367.
Package xcolor Info: Model `Hsb' substituted by `hsb' on input line 1368.
Package xcolor Info: Model `tHsb' substituted by `hsb' on input line 1369.
Package xcolor Info: Model `HSB' substituted by `hsb' on input line 1370.
Package xcolor Info: Model `Gray' substituted by `gray' on input line 1371.
Package xcolor Info: Model `wave' substituted by `hsb' on input line 1372.
)
(C:\Users\vidal\AppData\Local\Programs\MiKTeX\tex/latex/pgf/frontendlayer\tikz.
sty
(C:\Users\vidal\AppData\Local\Programs\MiKTeX\tex/latex/pgf/basiclayer\pgf.sty
(C:\Users\vidal\AppData\Local\Programs\MiKTeX\tex/latex/pgf/utilities\pgfrcs.st
y
(C:\Users\vidal\AppData\Local\Programs\MiKTeX\tex/generic/pgf/utilities\pgfutil
-common.tex
\pgfutil@everybye=\toks28
\pgfutil@tempdima=\dimen185
\pgfutil@tempdimb=\dimen186
)
(C:\Users\vidal\AppData\Local\Programs\MiKTeX\tex/generic/pgf/utilities\pgfutil
-latex.def
\pgfutil@abb=\box60
)
(C:\Users\vidal\AppData\Local\Programs\MiKTeX\tex/generic/pgf/utilities\pgfrcs.
code.tex
(C:\Users\vidal\AppData\Local\Programs\MiKTeX\tex/generic/pgf\pgf.revision.tex)
Package: pgfrcs 2025-08-29 v3.1.11a (3.1.11a)
))
Package: pgf 2025-08-29 v3.1.11a (3.1.11a)

(C:\Users\vidal\AppData\Local\Programs\MiKTeX\tex/latex/pgf/basiclayer\pgfcore.
sty
(C:\Users\vidal\AppData\Local\Programs\MiKTeX\tex/latex/pgf/systemlayer\pgfsys.
sty
(C:\Users\vidal\AppData\Local\Programs\MiKTeX\tex/generic/pgf/systemlayer\pgfsy
s.code.tex
Package: pgfsys 2025-08-29 v3.1.11a (3.1.11a)

(C:\Users\vidal\AppData\Local\Programs\MiKTeX\tex/generic/pgf/utilities\pgfkeys
.code.tex
\pgfkeys@pathtoks=\toks29
\pgfkeys@temptoks=\toks30

(C:\Users\vidal\AppData\Local\Programs\MiKTeX\tex/generic/pgf/utilities\pgfkeys
libraryfiltered.code.tex
\pgfkeys@tmptoks=\toks31
))
\pgf@x=\dimen187
\pgf@y=\dimen188
\pgf@xa=\dimen189
\pgf@ya=\dimen190
\pgf@xb=\dimen191
\pgf@yb=\dimen192
\pgf@xc=\dimen193
\pgf@yc=\dimen194
\pgf@xd=\dimen195
\pgf@yd=\dimen196
\w@pgf@writea=\write4
\r@pgf@reada=\read3
\c@pgf@counta=\count323
\c@pgf@countb=\count324
\c@pgf@countc=\count325
\c@pgf@countd=\count326
\t@pgf@toka=\toks32
\t@pgf@tokb=\toks33
\t@pgf@tokc=\toks34
\pgf@sys@id@count=\count327

(C:\Users\vidal\AppData\Local\Programs\MiKTeX\tex/generic/pgf/systemlayer\pgf.c
fg
File: pgf.cfg 2025-08-29 v3.1.11a (3.1.11a)
)
Driver file for pgf: pgfsys-pdftex.def

(C:\Users\vidal\AppData\Local\Programs\MiKTeX\tex/generic/pgf/systemlayer\pgfsy
s-pdftex.def
File: pgfsys-pdftex.def 2025-08-29 v3.1.11a (3.1.11a)

(C:\Users\vidal\AppData\Local\Programs\MiKTeX\tex/generic/pgf/systemlayer\pgfsy
s-common-pdf.def
File: pgfsys-common-pdf.def 2025-08-29 v3.1.11a (3.1.11a)
)))
(C:\Users\vidal\AppData\Local\Programs\MiKTeX\tex/generic/pgf/systemlayer\pgfsy
ssoftpath.code.tex
File: pgfsyssoftpath.code.tex 2025-08-29 v3.1.11a (3.1.11a)
\pgfsyssoftpath@smallbuffer@items=\count328
\pgfsyssoftpath@bigbuffer@items=\count329
)
(C:\Users\vidal\AppData\Local\Programs\MiKTeX\tex/generic/pgf/systemlayer\pgfsy
sprotocol.code.tex
File: pgfsysprotocol.code.tex 2025-08-29 v3.1.11a (3.1.11a)
))
(C:\Users\vidal\AppData\Local\Programs\MiKTeX\tex/generic/pgf/basiclayer\pgfcor
e.code.tex
Package: pgfcore 2025-08-29 v3.1.11a (3.1.11a)

(C:\Users\vidal\AppData\Local\Programs\MiKTeX\tex/generic/pgf/math\pgfmath.code
.tex
(C:\Users\vidal\AppData\Local\Programs\MiKTeX\tex/generic/pgf/math\pgfmathutil.
code.tex)
(C:\Users\vidal\AppData\Local\Programs\MiKTeX\tex/generic/pgf/math\pgfmathparse
r.code.tex
\pgfmath@dimen=\dimen197
\pgfmath@count=\count330
\pgfmath@box=\box61
\pgfmath@toks=\toks35
\pgfmath@stack@operand=\toks36
\pgfmath@stack@operation=\toks37
)
(C:\Users\vidal\AppData\Local\Programs\MiKTeX\tex/generic/pgf/math\pgfmathfunct
ions.code.tex)
(C:\Users\vidal\AppData\Local\Programs\MiKTeX\tex/generic/pgf/math\pgfmathfunct
ions.basic.code.tex)
(C:\Users\vidal\AppData\Local\Programs\MiKTeX\tex/generic/pgf/math\pgfmathfunct
ions.trigonometric.code.tex)
(C:\Users\vidal\AppData\Local\Programs\MiKTeX\tex/generic/pgf/math\pgfmathfunct
ions.random.code.tex)
(C:\Users\vidal\AppData\Local\Programs\MiKTeX\tex/generic/pgf/math\pgfmathfunct
ions.comparison.code.tex)
(C:\Users\vidal\AppData\Local\Programs\MiKTeX\tex/generic/pgf/math\pgfmathfunct
ions.base.code.tex)
(C:\Users\vidal\AppData\Local\Programs\MiKTeX\tex/generic/pgf/math\pgfmathfunct
ions.round.code.tex)
(C:\Users\vidal\AppData\Local\Programs\MiKTeX\tex/generic/pgf/math\pgfmathfunct
ions.misc.code.tex)
(C:\Users\vidal\AppData\Local\Programs\MiKTeX\tex/generic/pgf/math\pgfmathfunct
ions.integerarithmetics.code.tex)
(C:\Users\vidal\AppData\Local\Programs\MiKTeX\tex/generic/pgf/math\pgfmathcalc.
code.tex)
(C:\Users\vidal\AppData\Local\Programs\MiKTeX\tex/generic/pgf/math\pgfmathfloat
.code.tex
\c@pgfmathroundto@lastzeros=\count331
))
(C:\Users\vidal\AppData\Local\Programs\MiKTeX\tex/generic/pgf/math\pgfint.code.
tex)
(C:\Users\vidal\AppData\Local\Programs\MiKTeX\tex/generic/pgf/basiclayer\pgfcor
epoints.code.tex
File: pgfcorepoints.code.tex 2025-08-29 v3.1.11a (3.1.11a)
\pgf@picminx=\dimen198
\pgf@picmaxx=\dimen199
\pgf@picminy=\dimen256
\pgf@picmaxy=\dimen257
\pgf@pathminx=\dimen258
\pgf@pathmaxx=\dimen259
\pgf@pathminy=\dimen260
\pgf@pathmaxy=\dimen261
\pgf@xx=\dimen262
\pgf@xy=\dimen263
\pgf@yx=\dimen264
\pgf@yy=\dimen265
\pgf@zx=\dimen266
\pgf@zy=\dimen267
)
(C:\Users\vidal\AppData\Local\Programs\MiKTeX\tex/generic/pgf/basiclayer\pgfcor
epathconstruct.code.tex
File: pgfcorepathconstruct.code.tex 2025-08-29 v3.1.11a (3.1.11a)
\pgf@path@lastx=\dimen268
\pgf@path@lasty=\dimen269
)
(C:\Users\vidal\AppData\Local\Programs\MiKTeX\tex/generic/pgf/basiclayer\pgfcor
epathusage.code.tex
File: pgfcorepathusage.code.tex 2025-08-29 v3.1.11a (3.1.11a)
\pgf@shorten@end@additional=\dimen270
\pgf@shorten@start@additional=\dimen271
)
(C:\Users\vidal\AppData\Local\Programs\MiKTeX\tex/generic/pgf/basiclayer\pgfcor
escopes.code.tex
File: pgfcorescopes.code.tex 2025-08-29 v3.1.11a (3.1.11a)
\pgfpic=\box62
\pgf@hbox=\box63
\pgf@layerbox@main=\box64
\pgf@picture@serial@count=\count332
)
(C:\Users\vidal\AppData\Local\Programs\MiKTeX\tex/generic/pgf/basiclayer\pgfcor
egraphicstate.code.tex
File: pgfcoregraphicstate.code.tex 2025-08-29 v3.1.11a (3.1.11a)
\pgflinewidth=\dimen272
)
(C:\Users\vidal\AppData\Local\Programs\MiKTeX\tex/generic/pgf/basiclayer\pgfcor
etransformations.code.tex
File: pgfcoretransformations.code.tex 2025-08-29 v3.1.11a (3.1.11a)
\pgf@pt@x=\dimen273
\pgf@pt@y=\dimen274
\pgf@pt@temp=\dimen275
)
(C:\Users\vidal\AppData\Local\Programs\MiKTeX\tex/generic/pgf/basiclayer\pgfcor
equick.code.tex
File: pgfcorequick.code.tex 2025-08-29 v3.1.11a (3.1.11a)
)
(C:\Users\vidal\AppData\Local\Programs\MiKTeX\tex/generic/pgf/basiclayer\pgfcor
eobjects.code.tex
File: pgfcoreobjects.code.tex 2025-08-29 v3.1.11a (3.1.11a)
)
(C:\Users\vidal\AppData\Local\Programs\MiKTeX\tex/generic/pgf/basiclayer\pgfcor
epathprocessing.code.tex
File: pgfcorepathprocessing.code.tex 2025-08-29 v3.1.11a (3.1.11a)
)
(C:\Users\vidal\AppData\Local\Programs\MiKTeX\tex/generic/pgf/basiclayer\pgfcor
earrows.code.tex
File: pgfcorearrows.code.tex 2025-08-29 v3.1.11a (3.1.11a)
\pgfarrowsep=\dimen276
)
(C:\Users\vidal\AppData\Local\Programs\MiKTeX\tex/generic/pgf/basiclayer\pgfcor
eshade.code.tex
File: pgfcoreshade.code.tex 2025-08-29 v3.1.11a (3.1.11a)
\pgf@max=\dimen277
\pgf@sys@shading@range@num=\count333
\pgf@shadingcount=\count334
)
(C:\Users\vidal\AppData\Local\Programs\MiKTeX\tex/generic/pgf/basiclayer\pgfcor
eimage.code.tex
File: pgfcoreimage.code.tex 2025-08-29 v3.1.11a (3.1.11a)
)
(C:\Users\vidal\AppData\Local\Programs\MiKTeX\tex/generic/pgf/basiclayer\pgfcor
eexternal.code.tex
File: pgfcoreexternal.code.tex 2025-08-29 v3.1.11a (3.1.11a)
\pgfexternal@startupbox=\box65
)
(C:\Users\vidal\AppData\Local\Programs\MiKTeX\tex/generic/pgf/basiclayer\pgfcor
elayers.code.tex
File: pgfcorelayers.code.tex 2025-08-29 v3.1.11a (3.1.11a)
)
(C:\Users\vidal\AppData\Local\Programs\MiKTeX\tex/generic/pgf/basiclayer\pgfcor
etransparency.code.tex
File: pgfcoretransparency.code.tex 2025-08-29 v3.1.11a (3.1.11a)
)
(C:\Users\vidal\AppData\Local\Programs\MiKTeX\tex/generic/pgf/basiclayer\pgfcor
epatterns.code.tex
File: pgfcorepatterns.code.tex 2025-08-29 v3.1.11a (3.1.11a)
)
(C:\Users\vidal\AppData\Local\Programs\MiKTeX\tex/generic/pgf/basiclayer\pgfcor
erdf.code.tex
File: pgfcorerdf.code.tex 2025-08-29 v3.1.11a (3.1.11a)
)))
(C:\Users\vidal\AppData\Local\Programs\MiKTeX\tex/generic/pgf/modules\pgfmodule
shapes.code.tex
File: pgfmoduleshapes.code.tex 2025-08-29 v3.1.11a (3.1.11a)
\pgfnodeparttextbox=\box66
)
(C:\Users\vidal\AppData\Local\Programs\MiKTeX\tex/generic/pgf/modules\pgfmodule
plot.code.tex
File: pgfmoduleplot.code.tex 2025-08-29 v3.1.11a (3.1.11a)
)
(C:\Users\vidal\AppData\Local\Programs\MiKTeX\tex/latex/pgf/compatibility\pgfco
mp-version-0-65.sty
Package: pgfcomp-version-0-65 2025-08-29 v3.1.11a (3.1.11a)
\pgf@nodesepstart=\dimen278
\pgf@nodesepend=\dimen279
)
(C:\Users\vidal\AppData\Local\Programs\MiKTeX\tex/latex/pgf/compatibility\pgfco
mp-version-1-18.sty
Package: pgfcomp-version-1-18 2025-08-29 v3.1.11a (3.1.11a)
))
(C:\Users\vidal\AppData\Local\Programs\MiKTeX\tex/latex/pgf/utilities\pgffor.st
y
(C:\Users\vidal\AppData\Local\Programs\MiKTeX\tex/latex/pgf/utilities\pgfkeys.s
ty
(C:\Users\vidal\AppData\Local\Programs\MiKTeX\tex/generic/pgf/utilities\pgfkeys
.code.tex))
(C:\Users\vidal\AppData\Local\Programs\MiKTeX\tex/latex/pgf/math\pgfmath.sty
(C:\Users\vidal\AppData\Local\Programs\MiKTeX\tex/generic/pgf/math\pgfmath.code
.tex))
(C:\Users\vidal\AppData\Local\Programs\MiKTeX\tex/generic/pgf/utilities\pgffor.
code.tex
Package: pgffor 2025-08-29 v3.1.11a (3.1.11a)
\pgffor@iter=\dimen280
\pgffor@skip=\dimen281
\pgffor@stack=\toks38
\pgffor@toks=\toks39
))
(C:\Users\vidal\AppData\Local\Programs\MiKTeX\tex/generic/pgf/frontendlayer/tik
z\tikz.code.tex
Package: tikz 2025-08-29 v3.1.11a (3.1.11a)

(C:\Users\vidal\AppData\Local\Programs\MiKTeX\tex/generic/pgf/libraries\pgflibr
aryplothandlers.code.tex
File: pgflibraryplothandlers.code.tex 2025-08-29 v3.1.11a (3.1.11a)
\pgf@plot@mark@count=\count335
\pgfplotmarksize=\dimen282
)
\tikz@lastx=\dimen283
\tikz@lasty=\dimen284
\tikz@lastxsaved=\dimen285
\tikz@lastysaved=\dimen286
\tikz@lastmovetox=\dimen287
\tikz@lastmovetoy=\dimen288
\tikzleveldistance=\dimen289
\tikzsiblingdistance=\dimen290
\tikz@figbox=\box67
\tikz@figbox@bg=\box68
\tikz@tempbox=\box69
\tikz@tempbox@bg=\box70
\tikztreelevel=\count336
\tikznumberofchildren=\count337
\tikznumberofcurrentchild=\count338
\tikz@fig@count=\count339

(C:\Users\vidal\AppData\Local\Programs\MiKTeX\tex/generic/pgf/modules\pgfmodule
matrix.code.tex
File: pgfmodulematrix.code.tex 2025-08-29 v3.1.11a (3.1.11a)
\pgfmatrixcurrentrow=\count340
\pgfmatrixcurrentcolumn=\count341
\pgf@matrix@numberofcolumns=\count342
)
\tikz@expandcount=\count343

(C:\Users\vidal\AppData\Local\Programs\MiKTeX\tex/generic/pgf/frontendlayer/tik
z/libraries\tikzlibrarytopaths.code.tex
File: tikzlibrarytopaths.code.tex 2025-08-29 v3.1.11a (3.1.11a)
)))
(C:\Users\vidal\AppData\Local\Programs\MiKTeX\tex/latex/caption\subcaption.sty
Package: subcaption 2023/07/28 v1.6b Sub-captions (AR)

(C:\Users\vidal\AppData\Local\Programs\MiKTeX\tex/latex/caption\caption.sty
Package: caption 2023/08/05 v3.6o Customizing captions (AR)

(C:\Users\vidal\AppData\Local\Programs\MiKTeX\tex/latex/caption\caption3.sty
Package: caption3 2023/07/31 v2.4d caption3 kernel (AR)
\caption@tempdima=\dimen291
\captionmargin=\dimen292
\caption@leftmargin=\dimen293
\caption@rightmargin=\dimen294
\caption@width=\dimen295
\caption@indent=\dimen296
\caption@parindent=\dimen297
\caption@hangindent=\dimen298
Package caption Info: elsarticle document class detected.

(C:\Users\vidal\AppData\Local\Programs\MiKTeX\tex/latex/caption\caption-elsarti
cle.sto
File: caption-elsarticle.sto 2020/08/22 v2.0 Adaption of the caption package to
 the elsarticle document class (AR)
))
\c@caption@flags=\count344
\c@continuedfloat=\count345
Package caption Info: hyperref package is loaded.
)
Package caption Info: New subtype `subfigure' on input line 238.
\c@subfigure=\count346
Package caption Info: New subtype `subtable' on input line 238.
\c@subtable=\count347
)
(C:\Users\vidal\AppData\Local\Programs\MiKTeX\tex/latex/tools\longtable.sty
Package: longtable 2025-10-13 v4.24 Multi-page Table package (DPC)
\LTleft=\skip62
\LTright=\skip63
\LTpre=\skip64
\LTpost=\skip65
\LTchunksize=\count348
\LTcapwidth=\dimen299
\LT@head=\box71
\LT@firsthead=\box72
\LT@foot=\box73
\LT@lastfoot=\box74
\LT@gbox=\box75
\LT@cols=\count349
\LT@rows=\count350
\c@LT@tables=\count351
\c@LT@chunks=\count352
\LT@p@ftn=\toks40
)
(C:\Users\vidal\AppData\Local\Programs\MiKTeX\tex/latex/float\float.sty
Package: float 2001/11/08 v1.3d Float enhancements (AL)
\c@float@type=\count353
\float@exts=\toks41
\float@box=\box76
\@float@everytoks=\toks42
\@floatcapt=\box77
)
(C:\Users\vidal\AppData\Local\Programs\MiKTeX\tex/latex/tools\array.sty
Package: array 2025/09/25 v2.6n Tabular extension package (FMi)
\col@sep=\dimen300
\ar@mcellbox=\box78
\extrarowheight=\dimen301
\NC@list=\toks43
\extratabsurround=\skip66
\backup@length=\skip67
\ar@cellbox=\box79
)
(C:\Users\vidal\AppData\Local\Programs\MiKTeX\tex/generic/pgf/frontendlayer/tik
z/libraries\tikzlibraryshapes.geometric.code.tex
File: tikzlibraryshapes.geometric.code.tex 2025-08-29 v3.1.11a (3.1.11a)

(C:\Users\vidal\AppData\Local\Programs\MiKTeX\tex/generic/pgf/libraries/shapes\
pgflibraryshapes.geometric.code.tex
File: pgflibraryshapes.geometric.code.tex 2025-08-29 v3.1.11a (3.1.11a)
))
(C:\Users\vidal\AppData\Local\Programs\MiKTeX\tex/generic/pgf/libraries\pgflibr
aryarrows.meta.code.tex
File: pgflibraryarrows.meta.code.tex 2025-08-29 v3.1.11a (3.1.11a)
\pgfarrowinset=\dimen302
\pgfarrowlength=\dimen303
\pgfarrowwidth=\dimen304
\pgfarrowlinewidth=\dimen305
)
(C:\Users\vidal\AppData\Local\Programs\MiKTeX\tex/generic/pgf/frontendlayer/tik
z/libraries\tikzlibrarypositioning.code.tex
File: tikzlibrarypositioning.code.tex 2025-08-29 v3.1.11a (3.1.11a)
)
(C:\Users\vidal\AppData\Local\Programs\MiKTeX\tex/generic/pgf/frontendlayer/tik
z/libraries\tikzlibraryfit.code.tex
File: tikzlibraryfit.code.tex 2025-08-29 v3.1.11a (3.1.11a)
)
(C:\Users\vidal\AppData\Local\Programs\MiKTeX\tex/generic/pgf/frontendlayer/tik
z/libraries\tikzlibrarybackgrounds.code.tex
File: tikzlibrarybackgrounds.code.tex 2025-08-29 v3.1.11a (3.1.11a)
\pgf@layerbox@background=\box80
\pgf@layerboxsaved@background=\box81
)
(C:\Users\vidal\AppData\Local\Programs\MiKTeX\tex/generic/pgf/frontendlayer/tik
z/libraries\tikzlibrarycalc.code.tex
File: tikzlibrarycalc.code.tex 2025-08-29 v3.1.11a (3.1.11a)
)
(C:\Users\vidal\AppData\Local\Programs\MiKTeX\tex/latex/amsfonts\amssymb.sty
Package: amssymb 2013/01/14 v3.01 AMS font symbols

(C:\Users\vidal\AppData\Local\Programs\MiKTeX\tex/latex/amsfonts\amsfonts.sty
Package: amsfonts 2013/01/14 v3.01 Basic AMSFonts support
\symAMSa=\mathgroup4
\symAMSb=\mathgroup5
LaTeX Font Info:    Redeclaring math symbol \hbar on input line 98.
LaTeX Font Info:    Overwriting math alphabet `\mathfrak' in version `bold'
(Font)                  U/euf/m/n --> U/euf/b/n on input line 106.
)) (C:\Users\vidal\AppData\Local\Programs\MiKTeX\tex/latex/lineno\lineno.sty
Package: lineno 2025/05/13 line numbers on paragraphs v5.5
\linenopenalty=\count354
\output=\toks44
\linenoprevgraf=\count355
\linenumbersep=\dimen306
\linenumberwidth=\dimen307
\c@linenumber=\count356
\c@pagewiselinenumber=\count357
\c@LN@truepage=\count358
\c@internallinenumber=\count359
\c@internallinenumbers=\count360
\quotelinenumbersep=\dimen308
\bframerule=\dimen309
\bframesep=\dimen310
\bframebox=\box82
\@LN@amsmath@ams@eqpen=\count361
)
(C:\Users\vidal\AppData\Local\Programs\MiKTeX\tex/latex/l3backend\l3backend-pdf
tex.def
File: l3backend-pdftex.def 2025-10-09 L3 backend support: PDF output (pdfTeX)
\l__color_backend_stack_int=\count362
) (artigo3-elsevier_V1.aux
Package babel Info: 'brazil' activates 'portuges' shorthands.
(babel)             Reported on input line 12.
)
\openout1 = `artigo3-elsevier_V1.aux'.

LaTeX Font Info:    Checking defaults for OML/cmm/m/it on input line 169.
LaTeX Font Info:    ... okay on input line 169.
LaTeX Font Info:    Checking defaults for OMS/cmsy/m/n on input line 169.
LaTeX Font Info:    ... okay on input line 169.
LaTeX Font Info:    Checking defaults for OT1/cmr/m/n on input line 169.
LaTeX Font Info:    ... okay on input line 169.
LaTeX Font Info:    Checking defaults for T1/cmr/m/n on input line 169.
LaTeX Font Info:    ... okay on input line 169.
LaTeX Font Info:    Checking defaults for TS1/cmr/m/n on input line 169.
LaTeX Font Info:    ... okay on input line 169.
LaTeX Font Info:    Checking defaults for OMX/cmex/m/n on input line 169.
LaTeX Font Info:    ... okay on input line 169.
LaTeX Font Info:    Checking defaults for U/cmr/m/n on input line 169.
LaTeX Font Info:    ... okay on input line 169.
LaTeX Font Info:    Checking defaults for PD1/pdf/m/n on input line 169.
LaTeX Font Info:    ... okay on input line 169.
LaTeX Font Info:    Checking defaults for PU/pdf/m/n on input line 169.
LaTeX Font Info:    ... okay on input line 169.

(C:\Users\vidal\AppData\Local\Programs\MiKTeX\tex/context/base/mkii\supp-pdf.mk
ii
[Loading MPS to PDF converter (version 2006.09.02).]
\scratchcounter=\count363
\scratchdimen=\dimen311
\scratchbox=\box83
\nofMPsegments=\count364
\nofMParguments=\count365
\everyMPshowfont=\toks45
\MPscratchCnt=\count366
\MPscratchDim=\dimen312
\MPnumerator=\count367
\makeMPintoPDFobject=\count368
\everyMPtoPDFconversion=\toks46
)
(C:\Users\vidal\AppData\Local\Programs\MiKTeX\tex/latex/epstopdf-pkg\epstopdf-b
ase.sty
Package: epstopdf-base 2020-01-24 v2.11 Base part for package epstopdf
Package epstopdf-base Info: Redefining graphics rule for `.eps' on input line 4
85.

(C:\Users\vidal\AppData\Local\Programs\MiKTeX\tex/latex/00miktex\epstopdf-sys.c
fg
File: epstopdf-sys.cfg 2021/03/18 v2.0 Configuration of epstopdf for MiKTeX
))
Package hyperref Info: Link coloring OFF on input line 169.
 (artigo3-elsevier_V1.out) (artigo3-elsevier_V1.out)
\@outlinefile=\write5
\openout5 = `artigo3-elsevier_V1.out'.

Package caption Info: Begin \AtBeginDocument code.
Package caption Info: float package is loaded.
Package caption Info: longtable package is loaded.

(C:\Users\vidal\AppData\Local\Programs\MiKTeX\tex/latex/caption\ltcaption.sty
Package: ltcaption 2021/01/08 v1.4c longtable captions (AR)
)
Package caption Info: End \AtBeginDocument code.
LaTeX Font Info:    Trying to load font information for U+msa on input line 219
.

(C:\Users\vidal\AppData\Local\Programs\MiKTeX\tex/latex/amsfonts\umsa.fd
File: umsa.fd 2013/01/14 v3.01 AMS symbols A
)
LaTeX Font Info:    Trying to load font information for U+msb on input line 219
.

(C:\Users\vidal\AppData\Local\Programs\MiKTeX\tex/latex/amsfonts\umsb.fd
File: umsb.fd 2013/01/14 v3.01 AMS symbols B
)
[1


{C:/Users/vidal/AppData/Local/MiKTeX/fonts/map/pdftex/pdftex.map}] [2]
[3] [4] [5]
<FIGURAS/territorio_satelite.png, id=311, 798.5835pt x 531.9072pt>
File: FIGURAS/territorio_satelite.png Graphic file (type png)
<use FIGURAS/territorio_satelite.png>
Package pdftex.def Info: FIGURAS/territorio_satelite.png  used on input line 26
1.
(pdftex.def)             Requested size: 390.0pt x 259.76836pt.
 [6 <./FIGURAS/territorio_satelite.png>] (quadro_localidades.tex
Underfull \hbox (badness 10000) in paragraph at lines 11--12
[]|\T1/cmr/bx/n/10.95 Campo cor-res-pon-
 []


Underfull \hbox (badness 10000) in paragraph at lines 11--12
\T1/cmr/bx/n/10.95 dente do ins-tru-
 []


Underfull \hbox (badness 10000) in paragraph at lines 13--13
[]|\T1/cmr/m/n/10.95 Baixão da Tran-
 []


Underfull \hbox (badness 6300) in paragraph at lines 13--14
\T1/cmr/m/n/10.95 tu-rais; pro-to-colo de
 []


Underfull \hbox (badness 10000) in paragraph at lines 15--15
[]|\T1/cmr/m/n/10.95 Baixão da Tran-
 []


Underfull \hbox (badness 2376) in paragraph at lines 15--15
[]|\T1/cmr/m/n/10.95 Travessia con-du-zida por
 []


Underfull \hbox (badness 1314) in paragraph at lines 15--15
\T1/cmr/m/n/10.95 mes-tra so-bre laje are-ní-
 []


Underfull \hbox (badness 2253) in paragraph at lines 15--16
[]|\T1/cmr/m/n/10.95 Ÿ5 Am-bi-ente na-tu-ral;
 []


Underfull \hbox (badness 10000) in paragraph at lines 17--17
[]|\T1/cmr/m/n/10.95 Baixão da Tran-
 []


Underfull \hbox (badness 1810) in paragraph at lines 17--17
[]|\T1/cmr/m/n/10.95 Afloramento de neos-solo
 []


Underfull \hbox (badness 10000) in paragraph at lines 19--19
[]|\T1/cmr/m/n/10.95 Baixão da Tran-
 []


Underfull \hbox (badness 5893) in paragraph at lines 19--19
[]|\T1/cmr/m/n/10.95 Capote (cal-dei-rão es-ca-
 []


Underfull \hbox (badness 10000) in paragraph at lines 21--21
[]|\T1/cmr/m/n/10.95 Baixão da Tran-
 []


Underfull \hbox (badness 10000) in paragraph at lines 23--23
[]|\T1/cmr/m/n/10.95 Baixão de Cima,
 []


Underfull \hbox (badness 10000) in paragraph at lines 25--25
[]|\T1/cmr/m/n/10.95 Baixão de Cima,
 []


Underfull \hbox (badness 2253) in paragraph at lines 25--26
[]|\T1/cmr/m/n/10.95 Ÿ5 Am-bi-ente na-tu-ral,
 []


Underfull \hbox (badness 10000) in paragraph at lines 27--27
[]|\T1/cmr/m/n/10.95 Baixão de Cima,
 []


Underfull \hbox (badness 10000) in paragraph at lines 27--28
[]|\T1/cmr/m/n/10.95 Ÿ5.9 In-fra-es-tru-tura;
 []


Underfull \hbox (badness 10000) in paragraph at lines 29--29
[]|\T1/cmr/m/n/10.95 Baixão de Cima,
 []


Underfull \hbox (badness 10000) in paragraph at lines 31--31
[]|\T1/cmr/m/n/10.95 Baixão de Cima,
 []


Overfull \hbox (11.88535pt too wide) in paragraph at lines 9--34
 [][] 
 []

[7]
Overfull \vbox (92.91843pt too high) has occurred while \output is active []


[8]
<FIGURAS/visitas_campo/tranqueira_20260819_15_neossolo_litolico_afloramento.jpg
, id=343, 1204.5pt x 1606.0pt>
File: FIGURAS/visitas_campo/tranqueira_20260819_15_neossolo_litolico_aflorament
o.jpg Graphic file (type jpg)
<use FIGURAS/visitas_campo/tranqueira_20260819_15_neossolo_litolico_afloramento
.jpg>
Package pdftex.def Info: FIGURAS/visitas_campo/tranqueira_20260819_15_neossolo_
litolico_afloramento.jpg  used on input line 43.
(pdftex.def)             Requested size: 93.60214pt x 124.78229pt.
<FIGURAS/visitas_campo/tranqueira_20260819_17_caldeirao_reserva_hidrica.jpg, id
=344, 1204.5pt x 1606.0pt>
File: FIGURAS/visitas_campo/tranqueira_20260819_17_caldeirao_reserva_hidrica.jp
g Graphic file (type jpg)
<use FIGURAS/visitas_campo/tranqueira_20260819_17_caldeirao_reserva_hidrica.jpg
>
Package pdftex.def Info: FIGURAS/visitas_campo/tranqueira_20260819_17_caldeirao
_reserva_hidrica.jpg  used on input line 47.
(pdftex.def)             Requested size: 93.60214pt x 124.78229pt.
<FIGURAS/visitas_campo/tranqueira_20260819_18_urucum_bixa_orellana.jpg, id=345,
 1204.5pt x 1606.0pt>
File: FIGURAS/visitas_campo/tranqueira_20260819_18_urucum_bixa_orellana.jpg Gra
phic file (type jpg)
<use FIGURAS/visitas_campo/tranqueira_20260819_18_urucum_bixa_orellana.jpg>
Package pdftex.def Info: FIGURAS/visitas_campo/tranqueira_20260819_18_urucum_bi
xa_orellana.jpg  used on input line 51.
(pdftex.def)             Requested size: 93.60214pt x 124.78229pt.
<FIGURAS/visitas_campo/tranqueira_20260819_19_rocado_consorciado_banana_citros.
jpg, id=346, 1204.5pt x 1606.0pt>
File: FIGURAS/visitas_campo/tranqueira_20260819_19_rocado_consorciado_banana_ci
tros.jpg Graphic file (type jpg)
<use FIGURAS/visitas_campo/tranqueira_20260819_19_rocado_consorciado_banana_cit
ros.jpg>
Package pdftex.def Info: FIGURAS/visitas_campo/tranqueira_20260819_19_rocado_co
nsorciado_banana_citros.jpg  used on input line 55.
(pdftex.def)             Requested size: 93.60214pt x 124.78229pt.
<FIGURAS/visitas_campo/baixao_de_cima_20260910_02_imagem_padroeira_fitas_sobre_
esteira.jpg, id=347, 1355.0625pt x 1806.75pt>
File: FIGURAS/visitas_campo/baixao_de_cima_20260910_02_imagem_padroeira_fitas_s
obre_esteira.jpg Graphic file (type jpg)
<use FIGURAS/visitas_campo/baixao_de_cima_20260910_02_imagem_padroeira_fitas_so
bre_esteira.jpg>
Package pdftex.def Info: FIGURAS/visitas_campo/baixao_de_cima_20260910_02_image
m_padroeira_fitas_sobre_esteira.jpg  used on input line 62.
(pdftex.def)             Requested size: 93.60214pt x 124.77615pt.
<FIGURAS/visitas_campo/baixao_de_cima_20260910_10_cerca_estacas_quintal_mandioc
a.jpg, id=348, 1355.0625pt x 1806.75pt>
File: FIGURAS/visitas_campo/baixao_de_cima_20260910_10_cerca_estacas_quintal_ma
ndioca.jpg Graphic file (type jpg)
<use FIGURAS/visitas_campo/baixao_de_cima_20260910_10_cerca_estacas_quintal_man
dioca.jpg>
Package pdftex.def Info: FIGURAS/visitas_campo/baixao_de_cima_20260910_10_cerca
_estacas_quintal_mandioca.jpg  used on input line 66.
(pdftex.def)             Requested size: 93.60214pt x 124.77615pt.
<FIGURAS/visitas_campo/baixao_de_cima_20260910_13_percurso_escarpamento_areniti
co.jpg, id=349, 1355.0625pt x 1806.75pt>
File: FIGURAS/visitas_campo/baixao_de_cima_20260910_13_percurso_escarpamento_ar
enitico.jpg Graphic file (type jpg)
<use FIGURAS/visitas_campo/baixao_de_cima_20260910_13_percurso_escarpamento_are
nitico.jpg>
Package pdftex.def Info: FIGURAS/visitas_campo/baixao_de_cima_20260910_13_percu
rso_escarpamento_arenitico.jpg  used on input line 70.
(pdftex.def)             Requested size: 93.60214pt x 124.77615pt.
<FIGURAS/visitas_campo/baixao_de_cima_20260910_04_caatinga_licurizeira_estiagem
.jpg, id=350, 1355.0625pt x 1806.75pt>
File: FIGURAS/visitas_campo/baixao_de_cima_20260910_04_caatinga_licurizeira_est
iagem.jpg Graphic file (type jpg)
<use FIGURAS/visitas_campo/baixao_de_cima_20260910_04_caatinga_licurizeira_esti
agem.jpg>
Package pdftex.def Info: FIGURAS/visitas_campo/baixao_de_cima_20260910_04_caati
nga_licurizeira_estiagem.jpg  used on input line 74.
(pdftex.def)             Requested size: 93.60214pt x 124.77615pt.
) [9 <./FIGURAS/visitas_campo/tranqueira_20260819_15_neossolo_litolico_aflorame
nto.jpg> <./FIGURAS/visitas_campo/tranqueira_20260819_17_caldeirao_reserva_hidr
ica.jpg> <./FIGURAS/visitas_campo/tranqueira_20260819_18_urucum_bixa_orellana.j
pg> <./FIGURAS/visitas_campo/tranqueira_20260819_19_rocado_consorciado_banana_c
itros.jpg> <./FIGURAS/visitas_campo/baixao_de_cima_20260910_02_imagem_padroeira
_fitas_sobre_esteira.jpg> <./FIGURAS/visitas_campo/baixao_de_cima_20260910_10_c
erca_estacas_quintal_mandioca.jpg> <./FIGURAS/visitas_campo/baixao_de_cima_2026
0910_13_percurso_escarpamento_arenitico.jpg> <./FIGURAS/visitas_campo/baixao_de
_cima_20260910_04_caatinga_licurizeira_estiagem.jpg>] [10]
Underfull \hbox (badness 10000) in paragraph at lines 295--295
[]|\T1/cmr/m/n/10 Perfil to-pos-se-quen-cial
 []


Underfull \hbox (badness 2538) in paragraph at lines 295--295
\T1/cmr/m/n/10 com uso da terra, si-
 []


Underfull \hbox (badness 6741) in paragraph at lines 295--295
\T1/cmr/m/n/10 nais de de-gra-da-ção e
 []


Underfull \hbox (badness 10000) in paragraph at lines 295--295
[]|\T1/cmr/m/n/10 Ÿ3.1--3.7;
 []


Underfull \hbox (badness 7907) in paragraph at lines 297--297
[]|\T1/cmr/m/n/10 Ÿ1.5; Ÿ2.6;
 []


Underfull \hbox (badness 4279) in paragraph at lines 299--300
[]|\T1/cmr/m/n/10 Terminologia ver-na-cu-lar de
 []


Underfull \hbox (badness 4084) in paragraph at lines 301--301
[]|\T1/cmr/m/n/10 Cronologia de in-tro-du-
 []


Underfull \hbox (badness 3780) in paragraph at lines 301--301
\T1/cmr/m/n/10 dono da prá-tica, com
 []


Underfull \hbox (badness 10000) in paragraph at lines 303--303
[]|\T1/cmr/m/n/10 Calendário sa-
 []


Underfull \hbox (badness 3579) in paragraph at lines 303--303
[]|\T1/cmr/m/n/10 Distribuição men-sal de
 []


Underfull \hbox (badness 3942) in paragraph at lines 303--303
[]|\T1/cmr/m/n/10 Ÿ2.3; Ÿ4.2--
 []


Underfull \hbox (badness 3449) in paragraph at lines 305--305
[]|\T1/cmr/m/n/10 Fluxograma de
 []


Underfull \hbox (badness 10000) in paragraph at lines 305--305
[]|\T1/cmr/m/n/10 Ÿ4.6--4.7;
 []


Underfull \hbox (badness 10000) in paragraph at lines 307--307
[]|\T1/cmr/m/n/10 Diagrama de
 []


Underfull \hbox (badness 10000) in paragraph at lines 307--307
[]|\T1/cmr/m/n/10 Rede de or-ga-ni-za-ções
 []


Underfull \hbox (badness 10000) in paragraph at lines 307--307
\T1/cmr/m/n/10 atu-an-tes, pro-xi-mi-dade
 []


Underfull \hbox (badness 10000) in paragraph at lines 307--307
\T1/cmr/m/n/10 per-ce-bida e in-flu-ên-cia
 []


Underfull \hbox (badness 10000) in paragraph at lines 309--309
[]|\T1/cmr/m/n/10 Matriz FOFA
 []


Underfull \hbox (badness 10000) in paragraph at lines 309--309
[]|\T1/cmr/m/n/10 Forças, fra-gi-li-da-des,
 []


Overfull \hbox (9.04034pt too wide) in paragraph at lines 291--314
 [][] 
 []

[11]
Overfull \vbox (14.80022pt too high) has occurred while \output is active []


[12]
Underfull \hbox (badness 1082) in paragraph at lines 334--334
[]|\T1/cmr/bx/n/10.95 Seções WO-CAT de
 []


Underfull \hbox (badness 10000) in paragraph at lines 336--336
[]|\T1/cmr/m/n/10.95 Erosão In-ter-
 []


Underfull \hbox (badness 10000) in paragraph at lines 336--336
\T1/cmr/m/n/10.95 ge-ra-ci-o-nal e
 []


Underfull \hbox (badness 10000) in paragraph at lines 336--336
\T1/cmr/m/n/10.95 García et al.[]
 []


Underfull \hbox (badness 4391) in paragraph at lines 336--336
\T1/cmr/m/n/10.95 ([]2013[]); []Gómez-
 []


Underfull \hbox (badness 7168) in paragraph at lines 336--336
\T1/cmr/m/n/10.95 Baggethun and
 []


Underfull \hbox (badness 10000) in paragraph at lines 336--336
\T1/cmr/m/n/10.95 Reyes-García[]
 []


Underfull \hbox (badness 10000) in paragraph at lines 336--336
\T1/cmr/m/n/10.95 ([]2013[]); []Tang
 []


Underfull \hbox (badness 10000) in paragraph at lines 336--336
\T1/cmr/m/n/10.95 and Ga-vin[]
 []


Underfull \hbox (badness 2503) in paragraph at lines 336--337
[]|\T1/cmr/m/n/10.95 Proporção de jo-vens pra-ti-
 []


Underfull \hbox (badness 10000) in paragraph at lines 338--338
[]|\T1/cmr/m/n/10.95 Complexidade
 []


Underfull \hbox (badness 10000) in paragraph at lines 338--338
\T1/cmr/m/n/10.95 e Sin-gu-la-ri-
 []


Underfull \hbox (badness 10000) in paragraph at lines 338--338
\T1/cmr/m/n/10.95 dade Bi-o-cul-
 []


Underfull \hbox (badness 10000) in paragraph at lines 338--338
\T1/cmr/m/n/10.95 tu-ral []Maffi[]
 []


Underfull \hbox (badness 10000) in paragraph at lines 338--338
\T1/cmr/m/n/10.95 ([]2001[]); []Pretty
 []


Underfull \hbox (badness 10000) in paragraph at lines 338--338
\T1/cmr/m/n/10.95 et al.[] ([]2009[]);
 []


Underfull \hbox (badness 10000) in paragraph at lines 338--338
[]\T1/cmr/m/n/10.95 Fernández-
 []


Underfull \hbox (badness 10000) in paragraph at lines 338--338
\T1/cmr/m/n/10.95 Llamazares
 []


Underfull \hbox (badness 10000) in paragraph at lines 338--338
\T1/cmr/m/n/10.95 et al.[] ([]2021[]);
 []


Underfull \hbox (badness 2119) in paragraph at lines 338--339
\T1/cmr/m/n/10.95 de prá-ti-cas, en-de-mismo de
 []


Underfull \hbox (badness 3635) in paragraph at lines 338--339
\T1/cmr/m/n/10.95 va-ri-e-da-des, in-te-ra-ções solo-
 []


Underfull \hbox (badness 10000) in paragraph at lines 340--340
\T1/cmr/m/n/10.95 ([]2012[]); []Po-orna
 []


Underfull \hbox (badness 10000) in paragraph at lines 340--340
\T1/cmr/m/n/10.95 et al.[] ([]2014[]);
 []


Underfull \hbox (badness 10000) in paragraph at lines 340--340
[]\T1/cmr/m/n/10.95 Ba-lo-gun and
 []


Underfull \hbox (badness 10000) in paragraph at lines 342--342
[]|\T1/cmr/m/n/10.95 Vulnerabilidade
 []


Underfull \hbox (badness 10000) in paragraph at lines 342--342
\T1/cmr/m/n/10.95 di-á-ria []Dut-fi-eld[]
 []


Underfull \hbox (badness 10000) in paragraph at lines 342--342
\T1/cmr/m/n/10.95 ([]2004[]); []Cot-tier
 []


Underfull \hbox (badness 10000) in paragraph at lines 342--342
\T1/cmr/m/n/10.95 and Pa-niz-zon[]
 []


Underfull \hbox (badness 10000) in paragraph at lines 342--342
\T1/cmr/m/n/10.95 ([]2004[]); []Ba-
 []


Underfull \hbox (badness 10000) in paragraph at lines 342--342
\T1/cmr/m/n/10.95 vi-katte and
 []


Underfull \hbox (badness 10000) in paragraph at lines 344--344
[]|\T1/cmr/m/n/10.95 Organização
 []


Underfull \hbox (badness 10000) in paragraph at lines 344--344
\T1/cmr/m/n/10.95 nança []Ber-kes[]
 []


Underfull \hbox (badness 10000) in paragraph at lines 344--344
\T1/cmr/m/n/10.95 ([]2004[]); []Ols-son
 []


Underfull \hbox (badness 10000) in paragraph at lines 344--344
\T1/cmr/m/n/10.95 et al.[] ([]2004[]);
 []


Underfull \hbox (badness 10000) in paragraph at lines 344--344
\T1/cmr/m/n/10.95 Ins-ti-tu-i-ções co-mu-ni-tá-
 []


Underfull \hbox (badness 6332) in paragraph at lines 346--346
[]|\T1/cmr/m/n/10.95 Vitalidade Lin-
 []


Underfull \hbox (badness 10000) in paragraph at lines 346--346
\T1/cmr/m/n/10.95 ([]2010[]); []Zent[]
 []


Underfull \hbox (badness 10000) in paragraph at lines 348--348
[]|\T1/cmr/m/n/10.95 Integração ao
 []


Underfull \hbox (badness 2245) in paragraph at lines 348--348
\T1/cmr/m/n/10.95 Mer-cado []Bel-lon[]
 []


Underfull \hbox (badness 10000) in paragraph at lines 348--348
\T1/cmr/m/n/10.95 ([]2004[]); []Brush[]
 []


Underfull \hbox (badness 1509) in paragraph at lines 348--348
[]|\T1/cmr/m/n/10.95 Ÿ4 In-su-mos e Cus-tos;
 []


Underfull \hbox (badness 10000) in paragraph at lines 350--350
[]|\T1/cmr/m/n/10.95 Exposição Cli-
 []


Underfull \hbox (badness 10000) in paragraph at lines 350--350
\T1/cmr/m/n/10.95 má-tica []Al-ti-eri
 []


Underfull \hbox (badness 10000) in paragraph at lines 350--350
\T1/cmr/m/n/10.95 et al.[] ([]2015[]);
 []


Underfull \hbox (badness 10000) in paragraph at lines 350--350
[]\T1/cmr/m/n/10.95 Dos-sou et al.[]
 []


Underfull \hbox (badness 10000) in paragraph at lines 350--350
[]|\T1/cmr/m/n/10.95 Ÿ5 Am-bi-ente na-tu-ral
 []


Overfull \hbox (22.19534pt too wide) in paragraph at lines 332--353
 [][] 
 []

[13]
Overfull \vbox (301.5293pt too high) has occurred while \output is active []


[14] [15] [16]

Package hyperref Warning: Token not allowed in a PDF string (Unicode):
(hyperref)                removing `math shift' on input line 449.


Package hyperref Warning: Token not allowed in a PDF string (Unicode):
(hyperref)                removing `\rightarrow' on input line 449.


Package hyperref Warning: Token not allowed in a PDF string (Unicode):
(hyperref)                removing `math shift' on input line 449.

[17]

Package hyperref Warning: Token not allowed in a PDF string (Unicode):
(hyperref)                removing `math shift' on input line 461.


Package hyperref Warning: Token not allowed in a PDF string (Unicode):
(hyperref)                removing `\rightarrow' on input line 461.


Package hyperref Warning: Token not allowed in a PDF string (Unicode):
(hyperref)                removing `math shift' on input line 461.

[18] [19] [20] [21] [22] [23] [24] [25]
Overfull \hbox (3.28145pt too wide) in paragraph at lines 590--590
[]|\T1/cmr/bx/n/10.95 Mód.| 
 []


Underfull \hbox (badness 1286) in paragraph at lines 592--592
[]|\T1/cmr/m/n/10.95 Transmissão in-ter-ge-
 []


Underfull \hbox (badness 2050) in paragraph at lines 594--594
[]|\T1/cmr/m/n/10.95 Governança co-mu-ni-
 []


Underfull \hbox (badness 4036) in paragraph at lines 602--602
[]|\T1/cmr/m/n/10.95 Proteção ju-rí-dica e
 []


Underfull \hbox (badness 10000) in paragraph at lines 602--602
\T1/cmr/m/n/10.95 pro-pri-e-dade in-te-lec-
 []


Underfull \hbox (badness 4492) in paragraph at lines 606--606
[]|\T1/cmr/m/n/10.95 Integração ao mer-
 []


Overfull \hbox (11.8858pt too wide) in paragraph at lines 588--611
 [][] 
 []

[26]
Overfull \vbox (48.40028pt too high) has occurred while \output is active []


[27]
Underfull \hbox (badness 10000) in paragraph at lines 629--629
[]|\T1/cmr/m/n/10 MAN-
 []


Underfull \hbox (badness 10000) in paragraph at lines 631--631
[]|\T1/cmr/m/n/10 MAN-
 []


Underfull \hbox (badness 10000) in paragraph at lines 635--635
[]|\T1/cmr/m/n/10 MAN-
 []


Underfull \hbox (badness 10000) in paragraph at lines 636--636
[]|\T1/cmr/m/n/10 MAN-
 []


Underfull \hbox (badness 10000) in paragraph at lines 643--643
[]|\T1/cmr/m/n/10 TER-
 []


Underfull \hbox (badness 10000) in paragraph at lines 645--645
[]|\T1/cmr/m/n/10 TER-
 []


Overfull \hbox (25.57626pt too wide) in paragraph at lines 620--655
 [][] 
 []


Overfull \vbox (93.17952pt too high) has occurred while \output is active []


[28] [29] [30] [31] [32]
Underfull \hbox (badness 10000) in paragraph at lines 759--759
[]|\T1/cmr/bx/n/10 Campo afe-
 []


Underfull \hbox (badness 10000) in paragraph at lines 759--759
[]|\T1/cmr/bx/n/10 Ajuste cor-res-pon-
 []


Underfull \hbox (badness 10000) in paragraph at lines 761--761
[]|\T1/cmr/m/n/10 Unidade de
 []


Underfull \hbox (badness 10000) in paragraph at lines 761--761
\T1/cmr/m/n/10 re-gis-tro (Ÿ2.3;
 []


Underfull \hbox (badness 1038) in paragraph at lines 761--761
\T1/cmr/m/n/10 ao passo que cada uni-
 []


Underfull \hbox (badness 2644) in paragraph at lines 761--761
[]|\T1/cmr/m/n/10 Item su-ple-men-tar que
 []


Underfull \hbox (badness 1253) in paragraph at lines 761--761
\T1/cmr/m/n/10 do-cu-mente a com-po-si-
 []


Underfull \hbox (badness 1067) in paragraph at lines 761--761
\T1/cmr/m/n/10 tra-ba-lho e terra en-tre
 []


Underfull \hbox (badness 10000) in paragraph at lines 761--762
[]|\T1/cmr/m/n/10 MAN-PORT
 []


Underfull \hbox (badness 10000) in paragraph at lines 763--763
[]|\T1/cmr/m/n/10 Localização e
 []


Underfull \hbox (badness 10000) in paragraph at lines 763--763
\T1/cmr/m/n/10 abran-gên-cia
 []


Underfull \hbox (badness 10000) in paragraph at lines 763--764
[]|\T1/cmr/m/n/10 TER-REDE
 []


Underfull \hbox (badness 10000) in paragraph at lines 765--765
[]|\T1/cmr/m/n/10 Propriedade e
 []


Underfull \hbox (badness 3138) in paragraph at lines 765--765
\T1/cmr/m/n/10 di-rei-tos de uso
 []


Underfull \hbox (badness 7981) in paragraph at lines 765--765
\T1/cmr/m/n/10 cela fa-mi-liar des-crita
 []


Underfull \hbox (badness 1874) in paragraph at lines 765--765
\T1/cmr/m/n/10 den-tro da ti-tu-la-ri-dade
 []


Underfull \hbox (badness 10000) in paragraph at lines 765--766
[]|\T1/cmr/m/n/10 TER-POS,
 []


Underfull \hbox (badness 10000) in paragraph at lines 765--766
\T1/cmr/m/n/10 TER-EXP,
 []


Underfull \hbox (badness 1881) in paragraph at lines 767--767
\T1/cmr/m/n/10 pla re-fe-rên-cia, com a
 []


Underfull \hbox (badness 2626) in paragraph at lines 767--767
\T1/cmr/m/n/10 dis-tri-bu-i-ção de ope-ra-
 []


Underfull \hbox (badness 3078) in paragraph at lines 767--767
\T1/cmr/m/n/10 ções an-te-rior à sa-ída
 []


Underfull \hbox (badness 10000) in paragraph at lines 767--768
[]|\T1/cmr/m/n/10 MAN-CAL,
 []


Underfull \hbox (badness 10000) in paragraph at lines 767--768
\T1/cmr/m/n/10 MAN-CONT,
 []


Underfull \hbox (badness 10000) in paragraph at lines 767--768
\T1/cmr/m/n/10 MAN-FEST
 []


Underfull \hbox (badness 10000) in paragraph at lines 769--769
[]|\T1/cmr/m/n/10 Suprimento hí-
 []


Underfull \hbox (badness 10000) in paragraph at lines 769--769
[]|\T1/cmr/m/n/10 Estruturas de cap-
 []


Underfull \hbox (badness 10000) in paragraph at lines 769--769
\T1/cmr/m/n/10 ta-ção do-cu-men-ta-das
 []


Underfull \hbox (badness 2809) in paragraph at lines 769--769
\T1/cmr/m/n/10 como tec-no-lo-gia, com
 []


Underfull \hbox (badness 10000) in paragraph at lines 769--769
\T1/cmr/m/n/10 o campo do ro-çado
 []


Underfull \hbox (badness 1348) in paragraph at lines 769--769
\T1/cmr/m/n/10 re-me-tendo à es-tru-tura
 []


Underfull \hbox (badness 10000) in paragraph at lines 771--771
[]|\T1/cmr/m/n/10 Suprimento hí-
 []


Underfull \hbox (badness 5105) in paragraph at lines 771--771
[]|\T1/cmr/m/n/10 O campo ad-mite uma
 []


Underfull \hbox (badness 3009) in paragraph at lines 771--771
\T1/cmr/m/n/10 fonte por uni-dade, en-
 []


Underfull \hbox (badness 2837) in paragraph at lines 771--771
\T1/cmr/m/n/10 quanto o abas-te-ci-mento
 []


Underfull \hbox (badness 1442) in paragraph at lines 771--771
\T1/cmr/m/n/10 com-bina fon-tes dis-tin-tas
 []


Underfull \hbox (badness 10000) in paragraph at lines 773--774
[]|\T1/cmr/m/n/10 CIR-REN,
 []


Underfull \hbox (badness 10000) in paragraph at lines 775--775
[]|\T1/cmr/m/n/10 Respondente
 []


Underfull \hbox (badness 10000) in paragraph at lines 775--775
\T1/cmr/m/n/10 e pac-tu-a-ção
 []


Underfull \hbox (badness 10000) in paragraph at lines 775--775
\T1/cmr/m/n/10 (Ÿ5.6; etapa
 []


Overfull \hbox (6.19533pt too wide) in paragraph at lines 757--778
 [][] 
 []

[33]
Overfull \vbox (164.0929pt too high) has occurred while \output is active []


[34]
Underfull \hbox (badness 4108) in paragraph at lines 797--797
[]|\T1/cmr/m/n/10 Instrumento de ori-gem,
 []


Underfull \hbox (badness 10000) in paragraph at lines 797--798
[]|\T1/cmr/m/n/10 Definição
 []


Underfull \hbox (badness 6758) in paragraph at lines 803--803
[]|\T1/cmr/m/n/10 Planilha de ras-tre-a-bi-li-
 []


Underfull \hbox (badness 5490) in paragraph at lines 803--804
[]|\T1/cmr/m/n/10 Etapa for-
 []


Underfull \hbox (badness 1092) in paragraph at lines 809--809
[]|\T1/cmr/m/n/10 Instrumento con-so-li-dado,
 []


Overfull \hbox (1.0408pt too wide) in paragraph at lines 793--814
 [][] 
 []

[35] [36]
Overfull \hbox (3.72733pt too wide) in paragraph at lines 836--837
[]\T1/cmr/m/n/12 O ma-pe-a-mento exa-mi-nou pos-sí-veis la-cu-nas nas di-men-sõ
es espiritual-ritual,
 []

[37] [38] [39] [40] (artigo3-elsevier_V1.bbl
Underfull \hbox (badness 1418) in paragraph at lines 16--24
\T1/cmtt/m/n/12 / / onlinelibrary . wiley . com / doi / 10 . 1111 / 1467-[]7660
 . 00256$[]\T1/cmr/m/n/12 , doi:[]$\T1/cmtt/m/n/12 10 .
 []

[41] [42] [43]
Underfull \hbox (badness 1442) in paragraph at lines 288--297
[]\T1/cmr/m/n/12 Fernandes, F.M.S., 2013.  Co-mu-ni-dade Qui-lom-bola de Ca-si-
nhas em
 []


Underfull \hbox (badness 10000) in paragraph at lines 329--338
[]$\T1/cmtt/m/n/12 https : / / scholar . google . com . br / scholar ? hl = pt-
[]BR & as _ sdt = 0 % 2C5 &
 []


Underfull \hbox (badness 10000) in paragraph at lines 329--338
\T1/cmtt/m/n/12 q = Standards + for + Educational + and + Psychological + Testi
ng & btnG=$[]\T1/cmr/m/n/12 ,
 []

[44]
Underfull \hbox (badness 2065) in paragraph at lines 423--429
[]\T1/cmr/m/n/12 International Test Com-mis-sion, 2017.  ITC Gui-de-li-nes for 
Trans-la-
 []

[45]
Underfull \hbox (badness 1087) in paragraph at lines 507--513
[]\T1/cmr/m/n/12 Narayanasamy, N., 2009.  Par-ti-ci-pa-tory Ru-ral Ap-prai-sal:
 Prin-ci-ples,
 []

[46] [47] [48]) (appendix-srqr.tex [49]
Overfull \hbox (20.64853pt too wide) in alignment at lines 12--16
 [] [] [] 
 []


Overfull \hbox (20.64853pt too wide) in alignment at lines 16--20
 [] [] [] 
 []


Overfull \hbox (20.64853pt too wide) in alignment at lines 20--23
 [] [] [] 
 []


Overfull \hbox (20.64853pt too wide) in alignment at lines 23--25
 [] [] [] 
 []


Underfull \hbox (badness 10000) in paragraph at lines 36--36
[]|\T1/cmr/bx/n/10 6 \T1/cmr/m/n/10 Ca-rac-te-rís-ti-cas do
 []


Underfull \hbox (badness 2142) in paragraph at lines 46--47
\T1/cmr/m/n/10 trans-cri-ção au-to-má-tica no Trans-
 []


Underfull \hbox (badness 1097) in paragraph at lines 50--51
[]|\T1/cmr/m/n/10 Entrevistas, com trans-cri-ção in-te-
 []


Underfull \hbox (badness 1365) in paragraph at lines 50--51
\T1/cmr/m/n/10 gral, sa-ne-a-mento das trans-cri-ções
 []


Underfull \hbox (badness 1005) in paragraph at lines 50--51
\T1/cmr/m/n/10 au-to-má-ti-cas, mar-ca-ção de tre-chos
 []


Underfull \hbox (badness 2689) in paragraph at lines 54--54
\T1/cmr/m/n/10 ten-tam a cre-di-bi-li-dade dos
 []


Underfull \hbox (badness 1478) in paragraph at lines 64--64
[]|\T1/cmr/bx/n/10 20 \T1/cmr/m/n/10 Con-fli-tos de in-te-
 []


Overfull \hbox (20.64853pt too wide) in alignment at lines 25--68
 [] [] [] 
 []

ignored error: Infinite glue shrinkage found in box being split [50]
ignored error: Infinite glue shrinkage found in box being split [51])
(appendix-wocat.tex [52] [53]
Underfull \hbox (badness 10000) in paragraph at lines 83--85

 []


Underfull \hbox (badness 10000) in paragraph at lines 87--89

 []

[54] [55]
Overfull \hbox (64.3229pt too wide) in paragraph at lines 140--143
[]\T1/cmr/m/n/12 O uso da terra é misto na mesma uni-dade (con-forme de-fi-ni-ç
ões ICRAF)? $\OMS/cmsy/m/n/12 ^^M$ \T1/cmr/m/n/12 Sim $\OMS/cmsy/m/n/12 ^^M$ \T
1/cmr/m/n/12 Não 
 []


Underfull \hbox (badness 10000) in paragraph at lines 156--159
[]|$\U/msa/m/n/10.95 ^^C$ \T1/cmr/m/n/10.95 Cul-tivo anual; $\U/msa/m/n/10.95 ^
^C$ \T1/cmr/m/n/10.95 Cul-
 []


Underfull \hbox (badness 1681) in paragraph at lines 156--159
\T1/cmr/m/n/10.95 tivo pe-rene; $\U/msa/m/n/10.95 ^^C$ \T1/cmr/m/n/10.95 Cul-ti
vo ar-bó-
 []


Underfull \hbox (badness 10000) in paragraph at lines 168--170
\T1/cmr/m/n/10.95 Integração lavoura-pecuária?
 []


Underfull \hbox (badness 4582) in paragraph at lines 172--172
[]|$\U/msa/m/n/10.95 ^^C$ \T1/cmr/m/n/10.95 Flo-resta (semi)natural; $\U/msa/m/
n/10.95 ^^C$
 []


Underfull \hbox (badness 10000) in paragraph at lines 176--176
[]|$\U/msa/m/n/10.95 ^^C$ \T1/cmr/m/n/10.95 As-sen-ta-men-
 []


Underfull \hbox (badness 10000) in paragraph at lines 180--180
[]|$\U/msa/m/n/10.95 ^^C$ \T1/cmr/m/n/10.95 Cur-sos
 []


Underfull \hbox (badness 10000) in paragraph at lines 180--180
\T1/cmr/m/n/10.95 d'água/corpos
 []


Underfull \hbox (badness 10000) in paragraph at lines 180--180
\T1/cmr/m/n/10.95 hí-dri-cos/áreas
 []


Underfull \hbox (badness 10000) in paragraph at lines 181--181
[]|$\U/msa/m/n/10.95 ^^C$ \T1/cmr/m/n/10.95 Dre-na-gens; $\U/msa/m/n/10.95 ^^C$
 \T1/cmr/m/n/10.95 La-
 []


Underfull \hbox (badness 7116) in paragraph at lines 181--181
\T1/cmr/m/n/10.95 goas/barragens; $\U/msa/m/n/10.95 ^^C$ \T1/cmr/m/n/10.95 Pân-
ta-nos;
 []


Overfull \hbox (50.029pt too wide) in paragraph at lines 151--193
 [][] 
 []

[56]
Underfull \hbox (badness 10000) in paragraph at lines 238--239
\T1/cmr/m/n/10.95 (associadas a
 []


Underfull \hbox (badness 10000) in paragraph at lines 238--239
\T1/cmr/m/n/10.95 cul-ti-vos anu-ais;
 []


Underfull \hbox (badness 10000) in paragraph at lines 238--239
\T1/cmr/m/n/10.95 re-pe-ti-das sa-zo-
 []


Underfull \hbox (badness 5985) in paragraph at lines 238--239
\T1/cmr/m/n/10.95 nal-mente; curta
 []


Underfull \hbox (badness 10000) in paragraph at lines 238--239
\T1/cmr/m/n/10.95 du-ra-ção; sem
 []


Underfull \hbox (badness 2452) in paragraph at lines 240--246
[]|\T1/cmr/m/n/10.95 A1: Co-ber-tura ve-ge-
 []


Underfull \hbox (badness 10000) in paragraph at lines 240--246
\T1/cmr/m/n/10.95 A2: Ma-té-ria or-gâ-
 []


Underfull \hbox (badness 2057) in paragraph at lines 251--255
[]|\T1/cmr/m/n/10.95 V1: Co-ber-tura ar-bó-
 []


Underfull \hbox (badness 10000) in paragraph at lines 251--255
\T1/cmr/m/n/10.95 V4: Subs-ti-tu-i-
 []


Underfull \hbox (badness 10000) in paragraph at lines 251--255
\T1/cmr/m/n/10.95 ção/remoção de es-
 []


Underfull \hbox (badness 10000) in paragraph at lines 258--259
\T1/cmr/m/n/10.95 (permanentes;
 []


Underfull \hbox (badness 10000) in paragraph at lines 258--259
\T1/cmr/m/n/10.95 re-que-rem in-ves-
 []


Underfull \hbox (badness 2197) in paragraph at lines 258--259
\T1/cmr/m/n/10.95 ti-mento subs-tan-
 []


Underfull \hbox (badness 1308) in paragraph at lines 258--259
\T1/cmr/m/n/10.95 cial; mo-vi-men-ta-
 []


Underfull \hbox (badness 10000) in paragraph at lines 260--270
\T1/cmr/m/n/10.95 S3: Va-las gra-du-a-
 []


Underfull \hbox (badness 10000) in paragraph at lines 260--270
\T1/cmr/m/n/10.95 S6: Mu-
 []


Overfull \hbox (30.40608pt too wide) in paragraph at lines 260--270
\T1/cmr/m/n/10.95 ros/barreiras/paliçadas/cercas 
 []


Underfull \hbox (badness 10000) in paragraph at lines 260--270
\T1/cmr/m/n/10.95 S8: Sa-ne-a-
 []


Underfull \hbox (badness 1331) in paragraph at lines 273--274
\T1/cmr/m/n/10.95 (mudança fun-da-
 []


Underfull \hbox (badness 2762) in paragraph at lines 275--281
\T1/cmr/m/n/10.95 M3: Dis-po-si-ção con-
 []


Overfull \hbox (44.33856pt too wide) in paragraph at lines 234--288
 [][] 
 []


LaTeX Warning: Float too large for page by 244.70863pt on input line 288.


Overfull \hbox (5.34741pt too wide) in paragraph at lines 290--292
\T1/cmr/m/n/12 Manejo de re-sí-duos: $\U/msa/m/n/12 ^^C$ \T1/cmr/m/n/12 Quei-ma
-dos  $\U/msa/m/n/12 ^^C$ \T1/cmr/m/n/12 Pas-te-ja-dos  $\U/msa/m/n/12 ^^C$ \T1
/cmr/m/n/12 Re-co-lhi-dos  $\U/msa/m/n/12 ^^C$ \T1/cmr/m/n/12 Man-
 []

[57] [58]
Overfull \hbox (5.84357pt too wide) in paragraph at lines 315--322
[]\T1/cmr/m/it/12 Distingua en-tre im-plan-ta-ção/investimento ini-cial e ma-nu
-ten-ção/atividades
 []

[59]
Overfull \hbox (0.5523pt too wide) in paragraph at lines 342--342
[]|\T1/cmr/bx/n/10.95 Especificação| 
 []


Overfull \hbox (0.7015pt too wide) in paragraph at lines 347--347
[]|\T1/cmr/m/n/10.95 Fertiliz./biocidas| 
 []


Underfull \hbox (badness 10000) in paragraph at lines 348--348
[]|\T1/cmr/m/n/10.95 Material de
 []


Overfull \hbox (92.72108pt too wide) in paragraph at lines 340--354
 [][] 
 []

[60]
Overfull \hbox (0.5523pt too wide) in paragraph at lines 374--374
[]|\T1/cmr/bx/n/10.95 Especificação| 
 []


Overfull \hbox (0.7015pt too wide) in paragraph at lines 379--379
[]|\T1/cmr/m/n/10.95 Fertiliz./biocidas| 
 []


Underfull \hbox (badness 10000) in paragraph at lines 380--380
[]|\T1/cmr/m/n/10.95 Material de
 []


Overfull \hbox (92.72108pt too wide) in paragraph at lines 372--386
 [][] 
 []


Underfull \hbox (badness 10000) in paragraph at lines 389--390

 []


Overfull \hbox (18.50227pt too wide) in paragraph at lines 398--407
\OMS/cmsy/m/n/12 ^^M$ $\OML/cmm/m/it/12 <$\T1/cmr/m/n/12 250mm  $\OMS/cmsy/m/n/
12 ^^M$ \T1/cmr/m/n/12 251--500mm  $\OMS/cmsy/m/n/12 ^^M$ \T1/cmr/m/n/12 501--7
50mm  $\OMS/cmsy/m/n/12 ^^M$ \T1/cmr/m/n/12 751--1.000mm  $\OMS/cmsy/m/n/12 ^^M
$ \T1/cmr/m/n/12 1.001--
 []


Overfull \hbox (11.72308pt too wide) in paragraph at lines 398--407
\OMS/cmsy/m/n/12 ^^M$ \T1/cmr/m/n/12 1.501--2.000mm  $\OMS/cmsy/m/n/12 ^^M$ \T1
/cmr/m/n/12 2.001--3.000mm  $\OMS/cmsy/m/n/12 ^^M$ \T1/cmr/m/n/12 3.001--4.000m
m  $\OMS/cmsy/m/n/12 ^^M$ $\OML/cmm/m/it/12 >$\T1/cmr/m/n/12 4.000mm 
 []

[61]
Overfull \hbox (3.94197pt too wide) in paragraph at lines 433--440
\T1/cmr/bx/n/12 Nível do len-çol fre-á-tico $\OMS/cmsy/m/n/12 ^^M$ \T1/cmr/m/n/
12 Su-per-fi-cial  $\OMS/cmsy/m/n/12 ^^M$ $\OML/cmm/m/it/12 <$\T1/cmr/m/n/12 5m
  $\OMS/cmsy/m/n/12 ^^M$ \T1/cmr/m/n/12 5--50m  $\OMS/cmsy/m/n/12 ^^M$ $\OML/cm
m/m/it/12 >$\T1/cmr/m/n/12 50m 
 []

[62]
Overfull \hbox (11.10275pt too wide) in paragraph at lines 448--456
\T1/cmr/bx/n/12 Ní-vel re-la-tivo de ri-queza $\OMS/cmsy/m/n/12 ^^M$ \T1/cmr/m/
n/12 Muito po-bre  $\OMS/cmsy/m/n/12 ^^M$ \T1/cmr/m/n/12 Po-bre  $\OMS/cmsy/m/n
/12 ^^M$ \T1/cmr/m/n/12 Mé-dio  $\OMS/cmsy/m/n/12 ^^M$ \T1/cmr/m/n/12 Rico
 []


Overfull \hbox (3.21002pt too wide) in paragraph at lines 448--456
\T1/cmr/bx/n/12 Me-ca-ni-za-ção $\OMS/cmsy/m/n/12 ^^M$ \T1/cmr/m/n/12 Ma-nual  
$\OMS/cmsy/m/n/12 ^^M$ \T1/cmr/m/n/12 Tra-ção ani-mal  $\OMS/cmsy/m/n/12 ^^M$ \
T1/cmr/m/n/12 Me-ca-ni-zada/motorizada 
 []


Overfull \hbox (45.91263pt too wide) in paragraph at lines 459--462
\OMS/cmsy/m/n/12 ^^M$ \T1/cmr/m/n/12 50--100ha  $\OMS/cmsy/m/n/12 ^^M$ \T1/cmr/
m/n/12 100--500ha  $\OMS/cmsy/m/n/12 ^^M$ \T1/cmr/m/n/12 500--1.000ha  $\OMS/cm
sy/m/n/12 ^^M$ \T1/cmr/m/n/12 1.000--10.000ha  $\OMS/cmsy/m/n/12 ^^M$ $\OML/cmm
/m/it/12 >$\T1/cmr/m/n/12 10.000ha 
 []

[63]
Overfull \hbox (11.57553pt too wide) in paragraph at lines 503--514
\T1/cmr/m/it/12 Ci-clo hi-dro-ló-gico/escoamento: \T1/cmr/m/n/12 quan-ti-dade e
 qua-li-dade da água, cap-ta-ção/coleta
 []

[64]
Overfull \hbox (26.97458pt too wide) in paragraph at lines 526--534
\T1/cmr/m/it/12 Hidrológicos: \T1/cmr/m/n/12 en-chente flu-vial, en-xur-rada, m
aré de tem-pes-tade, des-li-za-mento/fluxo
 []

[65]
Overfull \hbox (2.54768pt too wide) in paragraph at lines 556--560
\OMS/cmsy/m/n/12 ^^M$ \T1/cmr/m/n/12 Mu-dan-ças/extremos cli-má-ti-cos  $\OMS/c
msy/m/n/12 ^^M$ \T1/cmr/m/n/12 Mer-ca-dos em trans-for-ma-ção  $\OMS/cmsy/m/n/1
2 ^^M$ \T1/cmr/m/n/12 Dis-
 []

[66]
Overfull \hbox (32.33856pt too wide) in paragraph at lines 571--578
[] 
 []


Overfull \hbox (32.33856pt too wide) in paragraph at lines 579--587
[] 
 []

[67]
Underfull \hbox (badness 10000) in paragraph at lines 609--610

 []


Underfull \hbox (badness 10000) in paragraph at lines 621--622

 []

[68]
Underfull \hbox (badness 10000) in paragraph at lines 640--644

 []

[69] [70]
Underfull \hbox (badness 10000) in paragraph at lines 692--693

 []

[71]
Underfull \hbox (badness 10000) in paragraph at lines 736--742

 []

[72]
Underfull \hbox (badness 10000) in paragraph at lines 746--747

 []


Underfull \hbox (badness 10000) in paragraph at lines 757--758
[]|\T1/cmr/bx/n/10.95 Uso prin-ci-
 []


Overfull \hbox (19.34988pt too wide) in paragraph at lines 755--766
 [][] 
 []


Underfull \hbox (badness 10000) in paragraph at lines 779--779
[]|\T1/cmr/bx/n/10.95 Características
 []


Underfull \hbox (badness 4467) in paragraph at lines 779--779
[]|\T1/cmr/bx/n/10.95 Culturas as-so-
 []


Underfull \hbox (badness 7203) in paragraph at lines 779--780
[]|\T1/cmr/bx/n/10.95 Corresp. pe-do-ló-
 []

[73]
Overfull \hbox (3.67694pt too wide) in paragraph at lines 810--811
[]|$\OMS/cmsy/m/n/12 ^^M$ \T1/cmr/m/n/12 Não $\OMS/cmsy/m/n/12 ^^M$ \T1/cmr/m/n
/12 Sim| 
 []


Overfull \hbox (3.67694pt too wide) in paragraph at lines 811--812
[]|$\OMS/cmsy/m/n/12 ^^M$ \T1/cmr/m/n/12 Não $\OMS/cmsy/m/n/12 ^^M$ \T1/cmr/m/n
/12 Sim| 
 []


Overfull \hbox (3.67694pt too wide) in paragraph at lines 812--813
[]|$\OMS/cmsy/m/n/12 ^^M$ \T1/cmr/m/n/12 Não $\OMS/cmsy/m/n/12 ^^M$ \T1/cmr/m/n
/12 Sim| 
 []


Overfull \hbox (22.19533pt too wide) in paragraph at lines 806--817
[] 
 []


Underfull \hbox (badness 10000) in paragraph at lines 818--819

 []

[74] [75]
Underfull \hbox (badness 10000) in paragraph at lines 868--869

 []

[76]
Overfull \hbox (2.71056pt too wide) in paragraph at lines 909--916
\U/msa/m/n/12 ^^C$ \T1/cmr/m/n/12 Sede da as-so-ci-a-ção  $\U/msa/m/n/12 ^^C$ \
T1/cmr/m/n/12 Re-si-dên-cia de mo-ra-dor  $\U/msa/m/n/12 ^^C$ \T1/cmr/m/n/12 Ór
-gão pú-blico  $\U/msa/m/n/12 ^^C$ \T1/cmr/m/n/12 Uni-
 []

[77]
Underfull \hbox (badness 10000) in paragraph at lines 927--928

 []


Underfull \hbox (badness 6876) in paragraph at lines 941--941
[]|\T1/cmr/m/n/10.95 Existência de con-flito fun-di-á-rio
 []


Underfull \hbox (badness 7221) in paragraph at lines 959--959
[]|\T1/cmr/m/n/10.95 Indicação Ge-o-grá-fica (IG ---
 []


Underfull \hbox (badness 10000) in paragraph at lines 963--963
[]|\T1/cmr/m/n/10.95 Protocolo Co-mu-ni-tá-rio
 []


Underfull \hbox (badness 1960) in paragraph at lines 965--966
[]|$\OMS/cmsy/m/n/10.95 ^^M$ \T1/cmr/m/n/10.95 Não  $\OMS/cmsy/m/n/10.95 ^^M$ \
T1/cmr/m/n/10.95 Em pro-cesso  $\OMS/cmsy/m/n/10.95 ^^M$ \T1/cmr/m/n/10.95 Sim
 []


Underfull \hbox (badness 10000) in paragraph at lines 976--980

 []

[78] [79]
Underfull \hbox (badness 10000) in paragraph at lines 1000--1001

 []

[80]
Underfull \hbox (badness 10000) in paragraph at lines 1023--1024

 []


Underfull \hbox (badness 10000) in paragraph at lines 1029--1033

 []


Underfull \hbox (badness 10000) in paragraph at lines 1044--1051

 []

[81]
Underfull \hbox (badness 10000) in paragraph at lines 1052--1053

 []


Underfull \hbox (badness 10000) in paragraph at lines 1054--1058

 []


Underfull \hbox (badness 7308) in paragraph at lines 1070--1070
[]|\T1/cmr/m/it/12 Ano apro-xi-
 []


Overfull \hbox (34.19533pt too wide) in paragraph at lines 1064--1078
[] 
 []

[82]
Overfull \hbox (114.53831pt too wide) in paragraph at lines 1090--1103
 [][] 
 []


Overfull \hbox (14.11061pt too wide) in paragraph at lines 1109--1118
 [][] 
 []

) [83] [84] (artigo3-elsevier_V1.aux)
 ***********
LaTeX2e <2025-11-01>
L3 programming layer <2025-12-29>
 ***********
Package rerunfilecheck Info: File `artigo3-elsevier_V1.out' has not changed.
(rerunfilecheck)             Checksum: 72F3741661DA3821866A2C93FF6590D6;9170.
 ) 
Here is how much of TeX's memory you used:
 26657 strings out of 467870
 501069 string characters out of 5418354
 912155 words of memory out of 5000000
 54765 multiletter control sequences out of 15000+600000
 652420 words of font info for 99 fonts, out of 8000000 for 9000
 1141 hyphenation exceptions out of 8191
 84i,12n,94p,1951b,935s stack positions out of 10000i,1000n,20000p,200000b,200000s
 <C:\Users\vidal\AppData\Local\MiKTeX\fonts/pk/ljfour/jknappen/ec/dpi600\tcrm
1095.pk> <C:\Users\vidal\AppData\Local\MiKTeX\fonts/pk/ljfour/jknappen/ec/dpi60
0\ecti1095.pk> <C:\Users\vidal\AppData\Local\MiKTeX\fonts/pk/ljfour/jknappen/ec
/dpi600\ecxc0600.pk> <C:\Users\vidal\AppData\Local\MiKTeX\fonts/pk/ljfour/jknap
pen/ec/dpi600\ectt1200.pk> <C:\Users\vidal\AppData\Local\MiKTeX\fonts/pk/ljfour
/jknappen/ec/dpi600\tcrm1200.pk> <C:\Users\vidal\AppData\Local\MiKTeX\fonts/pk/
ljfour/jknappen/ec/dpi600\ecti0600.pk> <C:\Users\vidal\AppData\Local\MiKTeX\fon
ts/pk/ljfour/jknappen/ec/dpi600\ecbx0800.pk> <C:\Users\vidal\AppData\Local\MiKT
eX\fonts/pk/ljfour/jknappen/ec/dpi600\ecrm0600.pk> <C:\Users\vidal\AppData\Loca
l\MiKTeX\fonts/pk/ljfour/jknappen/ec/dpi600\ecbx0600.pk> <C:\Users\vidal\AppDat
a\Local\MiKTeX\fonts/pk/ljfour/jknappen/ec/dpi600\ecrm1095.pk> <C:\Users\vidal\
AppData\Local\MiKTeX\fonts/pk/ljfour/jknappen/ec/dpi600\ecbx1095.pk> <C:\Users\
vidal\AppData\Local\MiKTeX\fonts/pk/ljfour/jknappen/ec/dpi600\ecbx1000.pk> <C:\
Users\vidal\AppData\Local\MiKTeX\fonts/pk/ljfour/jknappen/ec/dpi450\ecss0800.pk
> <C:\Users\vidal\AppData\Local\MiKTeX\fonts/pk/ljfour/jknappen/ec/dpi600\ecti1
200.pk> <C:\Users\vidal\AppData\Local\MiKTeX\fonts/pk/ljfour/jknappen/ec/dpi600
\ectt1000.pk> <C:\Users\vidal\AppData\Local\MiKTeX\fonts/pk/ljfour/jknappen/ec/
dpi600\ecrm1000.pk> <C:\Users\vidal\AppData\Local\MiKTeX\fonts/pk/ljfour/jknapp
en/ec/dpi600\ecbx1200.pk> <C:\Users\vidal\AppData\Local\MiKTeX\fonts/pk/ljfour/
jknappen/ec/dpi600\ecti1000.pk> <C:\Users\vidal\AppData\Local\MiKTeX\fonts/pk/l
jfour/jknappen/ec/dpi600\ecti0700.pk> <C:\Users\vidal\AppData\Local\MiKTeX\font
s/pk/ljfour/jknappen/ec/dpi600\ecrm0800.pk> <C:\Users\vidal\AppData\Local\MiKTe
X\fonts/pk/ljfour/jknappen/ec/dpi600\ecrm1200.pk> <C:\Users\vidal\AppData\Local
\MiKTeX\fonts/pk/ljfour/jknappen/ec/dpi600\ecrm1728.pk><C:/Users/vidal/AppData/
Local/Programs/MiKTeX/fonts/type1/public/amsfonts/cm/cmmi10.pfb><C:/Users/vidal
/AppData/Local/Programs/MiKTeX/fonts/type1/public/amsfonts/cm/cmmi12.pfb><C:/Us
ers/vidal/AppData/Local/Programs/MiKTeX/fonts/type1/public/amsfonts/cm/cmmi6.pf
b><C:/Users/vidal/AppData/Local/Programs/MiKTeX/fonts/type1/public/amsfonts/cm/
cmmi8.pfb><C:/Users/vidal/AppData/Local/Programs/MiKTeX/fonts/type1/public/amsf
onts/cm/cmr12.pfb><C:/Users/vidal/AppData/Local/Programs/MiKTeX/fonts/type1/pub
lic/amsfonts/cm/cmr6.pfb><C:/Users/vidal/AppData/Local/Programs/MiKTeX/fonts/ty
pe1/public/amsfonts/cm/cmr7.pfb><C:/Users/vidal/AppData/Local/Programs/MiKTeX/f
onts/type1/public/amsfonts/cm/cmr8.pfb><C:/Users/vidal/AppData/Local/Programs/M
iKTeX/fonts/type1/public/amsfonts/cm/cmsy10.pfb><C:/Users/vidal/AppData/Local/P
rograms/MiKTeX/fonts/type1/public/amsfonts/cm/cmsy6.pfb><C:/Users/vidal/AppData
/Local/Programs/MiKTeX/fonts/type1/public/amsfonts/cm/cmsy7.pfb><C:/Users/vidal
/AppData/Local/Programs/MiKTeX/fonts/type1/public/amsfonts/cm/cmsy8.pfb><C:/Use
rs/vidal/AppData/Local/Programs/MiKTeX/fonts/type1/public/amsfonts/symbols/msam
10.pfb>
Output written on artigo3-elsevier_V1.pdf (84 pages, 15496292 bytes).
PDF statistics:
 2339 PDF objects out of 2487 (max. 8388607)
 316 named destinations out of 1000 (max. 500000)
 338 words of extra memory for PDF output out of 10000 (max. 10000000)

