\BOOKMARK [1][-]{section.1}{\376\377\000I\000n\000t\000r\000o\000d\000u\000\347\000\343\000o}{}% 1
\BOOKMARK [1][-]{section.2}{\376\377\000M\000a\000t\000e\000r\000i\000a\000i\000s\000\040\000e\000\040\000M\000\351\000t\000o\000d\000o\000s}{}% 2
\BOOKMARK [2][-]{subsection.2.1}{\376\377\000D\000e\000l\000i\000n\000e\000a\000m\000e\000n\000t\000o\000\040\000G\000e\000r\000a\000l}{section.2}% 3
\BOOKMARK [2][-]{subsection.2.2}{\376\377\000T\000e\000r\000r\000i\000t\000\363\000r\000i\000o\000\040\000d\000e\000\040\000A\000p\000l\000i\000c\000a\000\347\000\343\000o\000\040\000e\000\040\000B\000a\000s\000e\000\040\000E\000m\000p\000\355\000r\000i\000c\000a\000\040\000d\000a\000\040\000A\000d\000a\000p\000t\000a\000\347\000\343\000o}{section.2}% 4
\BOOKMARK [2][-]{subsection.2.3}{\376\377\000I\000n\000s\000t\000r\000u\000m\000e\000n\000t\000o\000\040\000d\000o\000\040\000D\000i\000a\000g\000n\000\363\000s\000t\000i\000c\000o\000\040\000P\000a\000r\000t\000i\000c\000i\000p\000a\000t\000i\000v\000o}{section.2}% 5
\BOOKMARK [2][-]{subsection.2.4}{\376\377\000O\000p\000e\000r\000a\000c\000i\000o\000n\000a\000l\000i\000z\000a\000\347\000\343\000o\000\040\000d\000a\000s\000\040\000D\000i\000m\000e\000n\000s\000\365\000e\000s\000\040\000a\000\040\000p\000a\000r\000t\000i\000r\000\040\000d\000o\000\040\000Q\000u\000e\000s\000t\000i\000o\000n\000\341\000r\000i\000o\000\040\000W\000O\000C\000A\000T}{section.2}% 6
\BOOKMARK [2][-]{subsection.2.5}{\376\377\000C\000o\000n\000f\000r\000o\000n\000t\000o\000\040\000e\000n\000t\000r\000e\000\040\000a\000s\000\040\000C\000a\000t\000e\000g\000o\000r\000i\000a\000s\000\040\000T\000e\000r\000r\000i\000t\000o\000r\000i\000a\000i\000s\000\040\000e\000\040\000o\000s\000\040\000C\000a\000m\000p\000o\000s\000\040\000d\000o\000\040\000Q\000u\000e\000s\000t\000i\000o\000n\000\341\000r\000i\000o}{section.2}% 7
\BOOKMARK [2][-]{subsection.2.6}{\376\377\000A\000d\000a\000p\000t\000a\000\347\000\343\000o\000\040\000T\000r\000a\000n\000s\000c\000u\000l\000t\000u\000r\000a\000l\000\040\000d\000o\000\040\000W\000O\000C\000A\000T\000-\000S\000L\000M}{section.2}% 8
\BOOKMARK [3][-]{subsubsection.2.6.1}{\376\377\000E\000t\000a\000p\000a\000\040\0001\000,\000\040\000T\000r\000a\000d\000u\000\347\000\343\000o\000\040\000D\000i\000r\000e\000t\000a\000\040\000\050\000I\000n\000g\000l\000\352\000s\000\040\000\040\000P\000o\000r\000t\000u\000g\000u\000\352\000s\000\051}{subsection.2.6}% 9
\BOOKMARK [3][-]{subsubsection.2.6.2}{\376\377\000E\000t\000a\000p\000a\000\040\0002\000,\000\040\000S\000\355\000n\000t\000e\000s\000e\000\040\000d\000a\000s\000\040\000T\000r\000a\000d\000u\000\347\000\365\000e\000s\000\040\000\050\000T\000-\0001\0002\000\051}{subsection.2.6}% 10
\BOOKMARK [3][-]{subsubsection.2.6.3}{\376\377\000E\000t\000a\000p\000a\000\040\0003\000,\000\040\000R\000e\000t\000r\000o\000t\000r\000a\000d\000u\000\347\000\343\000o\000\040\000\050\000P\000o\000r\000t\000u\000g\000u\000\352\000s\000\040\000\040\000I\000n\000g\000l\000\352\000s\000\051}{subsection.2.6}% 11
\BOOKMARK [3][-]{subsubsection.2.6.4}{\376\377\000E\000t\000a\000p\000a\000\040\0004\000,\000\040\000C\000o\000m\000i\000t\000\352\000\040\000d\000e\000\040\000E\000s\000p\000e\000c\000i\000a\000l\000i\000s\000t\000a\000s}{subsection.2.6}% 12
\BOOKMARK [3][-]{subsubsection.2.6.5}{\376\377\000E\000t\000a\000p\000a\000\040\0005\000,\000\040\000P\000r\000\351\000-\000T\000e\000s\000t\000e}{subsection.2.6}% 13
\BOOKMARK [3][-]{subsubsection.2.6.6}{\376\377\000E\000t\000a\000p\000a\000\040\0006\000,\000\040\000C\000o\000n\000s\000o\000l\000i\000d\000a\000\347\000\343\000o}{subsection.2.6}% 14
\BOOKMARK [3][-]{subsubsection.2.6.7}{\376\377\000E\000t\000a\000p\000a\000\040\0007\000,\000\040\000V\000a\000l\000i\000d\000a\000\347\000\343\000o\000\040\000d\000o\000\040\000I\000n\000s\000t\000r\000u\000m\000e\000n\000t\000o\000\040\000A\000d\000a\000p\000t\000a\000d\000o}{subsection.2.6}% 15
\BOOKMARK [2][-]{subsection.2.7}{\376\377\000E\000l\000i\000c\000i\000t\000a\000\347\000\343\000o\000\040\000E\000s\000t\000r\000u\000t\000u\000r\000a\000d\000a\000\040\000v\000i\000a\000\040\000P\000r\000o\000t\000o\000c\000o\000l\000o\000\040\000D\000e\000l\000p\000h\000i}{section.2}% 16
\BOOKMARK [3][-]{subsubsection.2.7.1}{\376\377\000C\000o\000m\000p\000o\000s\000i\000\347\000\343\000o\000\040\000d\000o\000\040\000P\000a\000i\000n\000e\000l}{subsection.2.7}% 17
\BOOKMARK [3][-]{subsubsection.2.7.2}{\376\377\000E\000s\000t\000r\000u\000t\000u\000r\000a\000\040\000d\000a\000s\000\040\000R\000o\000d\000a\000d\000a\000s}{subsection.2.7}% 18
\BOOKMARK [3][-]{subsubsection.2.7.3}{\376\377\000A\000n\000\341\000l\000i\000s\000e\000\040\000E\000s\000t\000a\000t\000\355\000s\000t\000i\000c\000a\000\040\000d\000o\000\040\000C\000o\000n\000s\000e\000n\000s\000o}{subsection.2.7}% 19
\BOOKMARK [3][-]{subsubsection.2.7.4}{\376\377\000C\000r\000i\000t\000\351\000r\000i\000o\000s\000\040\000d\000e\000\040\000P\000a\000r\000a\000d\000a\000\040\000e\000\040\000T\000r\000a\000t\000a\000m\000e\000n\000t\000o\000\040\000d\000e\000\040\000V\000a\000r\000i\000\341\000v\000e\000i\000s\000\040\000s\000e\000m\000\040\000C\000o\000n\000s\000e\000n\000s\000o}{subsection.2.7}% 20
\BOOKMARK [2][-]{subsection.2.8}{\376\377\000M\000o\000d\000a\000l\000i\000d\000a\000d\000e\000\040\000d\000e\000\040\000A\000p\000l\000i\000c\000a\000\347\000\343\000o\000\040\000d\000o\000\040\000I\000n\000s\000t\000r\000u\000m\000e\000n\000t\000o\000\040\000A\000d\000a\000p\000t\000a\000d\000o}{section.2}% 21
\BOOKMARK [2][-]{subsection.2.9}{\376\377\000T\000r\000i\000a\000n\000g\000u\000l\000a\000\347\000\343\000o\000\040\000p\000o\000r\000\040\000E\000n\000t\000r\000e\000v\000i\000s\000t\000a\000s\000\040\000S\000e\000m\000i\000e\000s\000t\000r\000u\000t\000u\000r\000a\000d\000a\000s}{section.2}% 22
\BOOKMARK [2][-]{subsection.2.10}{\376\377\000A\000s\000p\000e\000c\000t\000o\000s\000\040\000\311\000t\000i\000c\000o\000s}{section.2}% 23
\BOOKMARK [1][-]{section.3}{\376\377\000R\000e\000s\000u\000l\000t\000a\000d\000o\000s\000\040\000e\000\040\000D\000i\000s\000c\000u\000s\000s\000\343\000o}{}% 24
\BOOKMARK [2][-]{subsection.3.1}{\376\377\000C\000o\000b\000e\000r\000t\000u\000r\000a\000\040\000d\000o\000\040\000N\000\372\000c\000l\000e\000o\000\040\000e\000\040\000D\000e\000l\000i\000m\000i\000t\000a\000\347\000\343\000o\000\040\000d\000o\000\040\000B\000l\000o\000c\000o\000\040\000S\000u\000p\000l\000e\000m\000e\000n\000t\000a\000r}{section.3}% 25
\BOOKMARK [2][-]{subsection.3.2}{\376\377\000E\000s\000t\000a\000d\000o\000\040\000C\000o\000r\000r\000e\000n\000t\000e\000\040\000d\000o\000\040\000P\000r\000o\000t\000o\000c\000o\000l\000o\000\040\000d\000e\000\040\000A\000d\000a\000p\000t\000a\000\347\000\343\000o}{section.3}% 26
\BOOKMARK [2][-]{subsection.3.3}{\376\377\000E\000s\000p\000e\000c\000i\000f\000i\000c\000a\000\347\000\365\000e\000s\000\040\000d\000e\000\040\000A\000d\000a\000p\000t\000a\000\347\000\343\000o\000\040\000s\000o\000b\000r\000e\000\040\000C\000a\000m\000p\000o\000s\000\040\000E\000x\000i\000s\000t\000e\000n\000t\000e\000s}{section.3}% 27
\BOOKMARK [2][-]{subsection.3.4}{\376\377\000D\000o\000s\000s\000i\000\352\000\040\000d\000e\000\040\000A\000d\000a\000p\000t\000a\000\347\000\343\000o\000\040\000e\000\040\000V\000e\000r\000s\000\343\000o\000\040\000A\000p\000l\000i\000c\000a\000d\000a\000\040\000e\000m\000\040\000C\000a\000m\000p\000o}{section.3}% 28
\BOOKMARK [1][-]{section.4}{\376\377\000D\000e\000s\000d\000o\000b\000r\000a\000m\000e\000n\000t\000o\000s\000\040\000M\000e\000t\000o\000d\000o\000l\000\363\000g\000i\000c\000o\000s\000\040\000e\000\040\000P\000r\000o\000d\000u\000t\000o\000s}{}% 29
\BOOKMARK [2][-]{subsection.4.1}{\376\377\000P\000r\000o\000d\000u\000t\000o\000s\000\040\000d\000a\000\040\000A\000d\000a\000p\000t\000a\000\347\000\343\000o\000\040\000T\000r\000a\000n\000s\000c\000u\000l\000t\000u\000r\000a\000l}{section.4}% 30
\BOOKMARK [2][-]{subsection.4.2}{\376\377\000P\000r\000o\000d\000u\000t\000o\000s\000\040\000d\000a\000\040\000E\000l\000i\000c\000i\000t\000a\000\347\000\343\000o\000\040\000D\000e\000l\000p\000h\000i}{section.4}% 31
\BOOKMARK [2][-]{subsection.4.3}{\376\377\000C\000o\000n\000t\000r\000i\000b\000u\000i\000\347\000\365\000e\000s\000\040\000E\000s\000p\000e\000r\000a\000d\000a\000s}{section.4}% 32
\BOOKMARK [1][-]{section.5}{\376\377\000C\000o\000n\000s\000i\000d\000e\000r\000a\000\347\000\365\000e\000s\000\040\000F\000i\000n\000a\000i\000s}{}% 33
\BOOKMARK [1][-]{appendix.A}{\376\377\000L\000i\000s\000t\000a\000\040\000d\000e\000\040\000V\000e\000r\000i\000f\000i\000c\000a\000\347\000\343\000o\000\040\000S\000R\000Q\000R\000\040\000\050\000S\000t\000a\000n\000d\000a\000r\000d\000s\000\040\000f\000o\000r\000\040\000R\000e\000p\000o\000r\000t\000i\000n\000g\000\040\000Q\000u\000a\000l\000i\000t\000a\000t\000i\000v\000e\000\040\000R\000e\000s\000e\000a\000r\000c\000h\000\051}{}% 34
\BOOKMARK [1][-]{section*.17}{\376\377\000A\000p\000\352\000n\000d\000i\000c\000e\000\040\000A\000\040\040\024\000\040\000Q\000u\000e\000s\000t\000i\000o\000n\000\341\000r\000i\000o\000\040\000W\000O\000C\000A\000T\000-\000S\000L\000M\000-\000Q\000B\000R}{}% 35
